Archive member included to satisfy reference by file (symbol)

c:/progra~2/gnuarm~1/102021~1.10/bin/../lib/gcc/arm-none-eabi/10.3.1/thumb/v6-m/nofp\libgcc.a(_dvmd_tls.o)
                              CMakeFiles/lcd_display.dir/C_/Users/swppa/Projects/Fly_Spray_System/pico-sdk/src/rp2_common/pico_divider/divider.S.obj (__aeabi_idiv0)
c:/progra~2/gnuarm~1/102021~1.10/bin/../lib/gcc/arm-none-eabi/10.3.1/../../../../arm-none-eabi/lib/thumb/v6-m/nofp\libg.a(lib_a-calloc.o)
                              CMakeFiles/lcd_display.dir/C_/Users/swppa/Projects/Fly_Spray_System/pico-sdk/src/rp2_common/pico_malloc/pico_malloc.c.obj (calloc)
c:/progra~2/gnuarm~1/102021~1.10/bin/../lib/gcc/arm-none-eabi/10.3.1/../../../../arm-none-eabi/lib/thumb/v6-m/nofp\libg.a(lib_a-callocr.o)
                              c:/progra~2/gnuarm~1/102021~1.10/bin/../lib/gcc/arm-none-eabi/10.3.1/../../../../arm-none-eabi/lib/thumb/v6-m/nofp\libg.a(lib_a-calloc.o) (_calloc_r)
c:/progra~2/gnuarm~1/102021~1.10/bin/../lib/gcc/arm-none-eabi/10.3.1/../../../../arm-none-eabi/lib/thumb/v6-m/nofp\libg.a(lib_a-errno.o)
                              c:/progra~2/gnuarm~1/102021~1.10/bin/../lib/gcc/arm-none-eabi/10.3.1/../../../../arm-none-eabi/lib/thumb/v6-m/nofp\libg.a(lib_a-callocr.o) (__errno)
c:/progra~2/gnuarm~1/102021~1.10/bin/../lib/gcc/arm-none-eabi/10.3.1/../../../../arm-none-eabi/lib/thumb/v6-m/nofp\libg.a(lib_a-impure.o)
                              c:/progra~2/gnuarm~1/102021~1.10/bin/../lib/gcc/arm-none-eabi/10.3.1/../../../../arm-none-eabi/lib/thumb/v6-m/nofp\libg.a(lib_a-calloc.o) (_impure_ptr)
c:/progra~2/gnuarm~1/102021~1.10/bin/../lib/gcc/arm-none-eabi/10.3.1/../../../../arm-none-eabi/lib/thumb/v6-m/nofp\libg.a(lib_a-init.o)
                              c:/progra~2/gnuarm~1/102021~1.10/bin/../lib/gcc/arm-none-eabi/10.3.1/../../../../arm-none-eabi/lib/thumb/v6-m/nofp/crt0.o (__libc_init_array)
c:/progra~2/gnuarm~1/102021~1.10/bin/../lib/gcc/arm-none-eabi/10.3.1/../../../../arm-none-eabi/lib/thumb/v6-m/nofp\libg.a(lib_a-malloc.o)
                              CMakeFiles/lcd_display.dir/C_/Users/swppa/Projects/Fly_Spray_System/pico-sdk/src/rp2_common/pico_malloc/pico_malloc.c.obj (malloc)
c:/progra~2/gnuarm~1/102021~1.10/bin/../lib/gcc/arm-none-eabi/10.3.1/../../../../arm-none-eabi/lib/thumb/v6-m/nofp\libg.a(lib_a-mallocr.o)
                              c:/progra~2/gnuarm~1/102021~1.10/bin/../lib/gcc/arm-none-eabi/10.3.1/../../../../arm-none-eabi/lib/thumb/v6-m/nofp\libg.a(lib_a-callocr.o) (_malloc_r)
c:/progra~2/gnuarm~1/102021~1.10/bin/../lib/gcc/arm-none-eabi/10.3.1/../../../../arm-none-eabi/lib/thumb/v6-m/nofp\libg.a(lib_a-mlock.o)
                              c:/progra~2/gnuarm~1/102021~1.10/bin/../lib/gcc/arm-none-eabi/10.3.1/../../../../arm-none-eabi/lib/thumb/v6-m/nofp\libg.a(lib_a-mallocr.o) (__malloc_lock)
c:/progra~2/gnuarm~1/102021~1.10/bin/../lib/gcc/arm-none-eabi/10.3.1/../../../../arm-none-eabi/lib/thumb/v6-m/nofp\libg.a(lib_a-realloc.o)
                              CMakeFiles/lcd_display.dir/C_/Users/swppa/Projects/Fly_Spray_System/pico-sdk/src/rp2_common/pico_malloc/pico_malloc.c.obj (realloc)
c:/progra~2/gnuarm~1/102021~1.10/bin/../lib/gcc/arm-none-eabi/10.3.1/../../../../arm-none-eabi/lib/thumb/v6-m/nofp\libg.a(lib_a-reallocr.o)
                              c:/progra~2/gnuarm~1/102021~1.10/bin/../lib/gcc/arm-none-eabi/10.3.1/../../../../arm-none-eabi/lib/thumb/v6-m/nofp\libg.a(lib_a-realloc.o) (_realloc_r)
c:/progra~2/gnuarm~1/102021~1.10/bin/../lib/gcc/arm-none-eabi/10.3.1/../../../../arm-none-eabi/lib/thumb/v6-m/nofp\libg.a(lib_a-sbrkr.o)
                              c:/progra~2/gnuarm~1/102021~1.10/bin/../lib/gcc/arm-none-eabi/10.3.1/../../../../arm-none-eabi/lib/thumb/v6-m/nofp\libg.a(lib_a-mallocr.o) (_sbrk_r)
c:/progra~2/gnuarm~1/102021~1.10/bin/../lib/gcc/arm-none-eabi/10.3.1/../../../../arm-none-eabi/lib/thumb/v6-m/nofp\libg.a(lib_a-strlen-stub.o)
                              CMakeFiles/lcd_display.dir/C_/Users/swppa/Projects/Fly_Spray_System/pico-sdk/src/rp2_common/pico_stdio/stdio.c.obj (strlen)
c:/progra~2/gnuarm~1/102021~1.10/bin/../lib/gcc/arm-none-eabi/10.3.1/../../../../arm-none-eabi/lib/thumb/v6-m/nofp\libg.a(lib_a-freer.o)
                              c:/progra~2/gnuarm~1/102021~1.10/bin/../lib/gcc/arm-none-eabi/10.3.1/../../../../arm-none-eabi/lib/thumb/v6-m/nofp\libg.a(lib_a-malloc.o) (_free_r)
c:/progra~2/gnuarm~1/102021~1.10/bin/../lib/gcc/arm-none-eabi/10.3.1/../../../../arm-none-eabi/lib/thumb/v6-m/nofp\libg.a(lib_a-lock.o)
                              c:/progra~2/gnuarm~1/102021~1.10/bin/../lib/gcc/arm-none-eabi/10.3.1/../../../../arm-none-eabi/lib/thumb/v6-m/nofp\libg.a(lib_a-mlock.o) (__retarget_lock_acquire_recursive)
c:/progra~2/gnuarm~1/102021~1.10/bin/../lib/gcc/arm-none-eabi/10.3.1/../../../../arm-none-eabi/lib/thumb/v6-m/nofp\libg.a(lib_a-memmove.o)
[...]
Memory Configuration

Name             Origin             Length             Attributes
FLASH            0x10000000         0x00200000         xr
RAM              0x20000000         0x00040000         xrw
SCRATCH_X        0x20040000         0x00001000         xrw
SCRATCH_Y        0x20041000         0x00001000         xrw
*default*        0x00000000         0xffffffff

Linker script and memory map

LOAD c:/progra~2/gnuarm~1/102021~1.10/bin/../lib/gcc/arm-none-eabi/10.3.1/thumb/v6-m/nofp/crti.o
LOAD c:/progra~2/gnuarm~1/102021~1.10/bin/../lib/gcc/arm-none-eabi/10.3.1/thumb/v6-m/nofp/crtbegin.o
LOAD c:/progra~2/gnuarm~1/102021~1.10/bin/../lib/gcc/arm-none-eabi/10.3.1/../../../../arm-none-eabi/lib/thumb/v6-m/nofp/crt0.o

.flash_begin    0x10000000        0x0
                0x10000000                __flash_binary_start = .

.boot2          0x10000000      0x100
                0x10000000                __boot2_start__ = .
 *(.boot2)
 .boot2         0x10000000      0x100 C:\Users\swppa\AppData\Local\Temp\ccEOSfWn.o
                0x10000100                __boot2_end__ = .
                0x00000001                ASSERT (((__boot2_end__ - __boot2_start__) == 0x100), ERROR: Pico second stage bootloader must be 256 bytes in size)

.text           0x10000100     0x7728
                0x10000100                __logical_binary_start = .
 *(.vectors)
 .vectors       0x10000100       0xd4 CMakeFiles/lcd_display.dir/C_/Users/swppa/Projects/Fly_Spray_System/pico-sdk/src/rp2_common/pico_standard_link/crt0.S.obj
                0x10000100                __VECTOR_TABLE
                0x10000100                __vectors
                0x100001c0                isr_invalid
                0x100001c0                __default_isrs_start
                0x100001c2                isr_nmi
                0x100001c4                isr_hardfault
                0x100001c6                isr_svcall
                0x100001c8                isr_pendsv
                0x100001ca                isr_systick
                0x100001cc                isr_irq23
                0x100001cc                isr_irq18
                0x100001cc                isr_irq11
                0x100001cc                isr_irq28
                0x100001cc                isr_irq19
                0x100001cc                isr_irq0
                0x100001cc                isr_irq6
                0x100001cc                isr_irq5
                0x100001cc                isr_irq12
                0x100001cc                isr_irq22
                0x100001cc                isr_irq31
                0x100001cc                isr_irq17
                0x100001cc                isr_irq27
                0x100001cc                isr_irq30
                0x100001cc                isr_irq2
                0x100001cc                isr_irq10
                0x100001cc                isr_irq8
                0x100001cc                isr_irq24
                0x100001cc                isr_irq1
                0x100001cc                isr_irq7
                0x100001cc                isr_irq21
                0x100001cc                isr_irq20
                0x100001cc                isr_irq15
                0x100001cc                isr_irq25
                0x100001cc                isr_irq13
                0x100001cc                __unhandled_user_irq
                0x100001cc                isr_irq4
                0x100001cc                isr_irq16
                0x100001cc                isr_irq29
                0x100001cc                isr_irq26
                0x100001cc                __default_isrs_end
                0x100001cc                isr_irq3
                0x100001cc                isr_irq14
                0x100001cc                isr_irq9
                0x100001d2                unhandled_user_irq_num_in_r0
 *(.binary_info_header)
 .binary_info_header
                0x100001d4       0x14 CMakeFiles/lcd_display.dir/C_/Users/swppa/Projects/Fly_Spray_System/pico-sdk/src/rp2_common/pico_standard_link/crt0.S.obj
                0x100001e8                __binary_info_header_end = .
 *(.reset)
 .reset         0x100001e8       0xa0 CMakeFiles/lcd_display.dir/C_/Users/swppa/Projects/Fly_Spray_System/pico-sdk/src/rp2_common/pico_standard_link/crt0.S.obj
                0x100001e8                _entry_point
 .reset         0x10000288       0x30 CMakeFiles/lcd_display.dir/C_/Users/swppa/Projects/Fly_Spray_System/pico-sdk/src/rp2_common/pico_standard_link/binary_info.c.obj
 *(.init)
 .init          0x100002b8        0x4 c:/progra~2/gnuarm~1/102021~1.10/bin/../lib/gcc/arm-none-eabi/10.3.1/thumb/v6-m/nofp/crti.o
                0x100002b8                _init
 *(EXCLUDE_FILE(*libm.a: *libc.a:*lib_a-mem*.o *libgcc.a:) .text*)
 .text          0x100002bc       0x48 c:/progra~2/gnuarm~1/102021~1.10/bin/../lib/gcc/arm-none-eabi/10.3.1/thumb/v6-m/nofp/crtbegin.o
 .text.i2c_write_byte
                0x10000304       0x20 CMakeFiles/lcd_display.dir/lcd_display.c.obj
                0x10000304                i2c_write_byte
 .text.lcd_toggle_enable
                0x10000324       0x38 CMakeFiles/lcd_display.dir/lcd_display.c.obj
                0x10000324                lcd_toggle_enable
 .text.light_led
                0x1000035c       0x28 CMakeFiles/lcd_display.dir/lcd_display.c.obj
                0x1000035c                light_led
 .text.init_spray_gpio
                0x10000384       0x14 CMakeFiles/lcd_display.dir/lcd_display.c.obj
                0x10000384                init_spray_gpio
 .text.lcd_send_byte
                0x10000398       0x38 CMakeFiles/lcd_display.dir/lcd_display.c.obj
                0x10000398                lcd_send_byte
 .text.lcd_string
                0x100003d0       0x16 CMakeFiles/lcd_display.dir/lcd_display.c.obj
                0x100003d0                lcd_string
 .text.lcd_set_cursor
                0x100003e6       0x1a CMakeFiles/lcd_display.dir/lcd_display.c.obj
                0x100003e6                lcd_set_cursor
 .text.lcd_clear
                0x10000400        0xc CMakeFiles/lcd_display.dir/lcd_display.c.obj
                0x10000400                lcd_clear
 .text.lcd_init
                0x1000040c       0x40 CMakeFiles/lcd_display.dir/lcd_display.c.obj
                0x1000040c                lcd_init
 .text.update_running_count
                0x1000044c       0x24 CMakeFiles/lcd_display.dir/lcd_display.c.obj
                0x1000044c                update_running_count
 .text.set_current_interval
                0x10000470        0xc CMakeFiles/lcd_display.dir/lcd_display.c.obj
                0x10000470                set_current_interval
 .text.set_initial_countdown
                0x1000047c       0x1c CMakeFiles/lcd_display.dir/lcd_display.c.obj
                0x1000047c                set_initial_countdown
 .text.check_for_changed_interval
                0x10000498       0x38 CMakeFiles/lcd_display.dir/lcd_display.c.obj
                0x10000498                check_for_changed_interval
 .text.set_voltage_value
                0x100004d0       0xac CMakeFiles/lcd_display.dir/lcd_display.c.obj
                0x100004d0                set_voltage_value
 .text.set_countdown_start
                0x1000057c        0xc CMakeFiles/lcd_display.dir/lcd_display.c.obj
                0x1000057c                set_countdown_start
 .text.get_lcd_message
                0x10000588       0xe8 CMakeFiles/lcd_display.dir/lcd_display.c.obj
                0x10000588                get_lcd_message
 .text.spray    0x10000670       0x38 CMakeFiles/lcd_display.dir/lcd_display.c.obj
                0x10000670                spray
 .text.display_voltage
                0x100006a8       0x90 CMakeFiles/lcd_display.dir/lcd_display.c.obj
                0x100006a8                display_voltage
 .text.main     0x10000738       0x1c CMakeFiles/lcd_display.dir/lcd_display.c.obj
                0x10000738                main
 .text.gpio_set_function
                0x10000754       0x30 CMakeFiles/lcd_display.dir/C_/Users/swppa/Projects/Fly_Spray_System/pico-sdk/src/rp2_common/hardware_gpio/gpio.c.obj
                0x10000754                gpio_set_function
 .text.gpio_set_pulls
                0x10000784       0x34 CMakeFiles/lcd_display.dir/C_/Users/swppa/Projects/Fly_Spray_System/pico-sdk/src/rp2_common/hardware_gpio/gpio.c.obj
                0x10000784                gpio_set_pulls
 .text.gpio_set_input_enabled
                0x100007b8       0x30 CMakeFiles/lcd_display.dir/C_/Users/swppa/Projects/Fly_Spray_System/pico-sdk/src/rp2_common/hardware_gpio/gpio.c.obj
                0x100007b8                gpio_set_input_enabled
 .text.gpio_init
                0x100007e8       0x16 CMakeFiles/lcd_display.dir/C_/Users/swppa/Projects/Fly_Spray_System/pico-sdk/src/rp2_common/hardware_gpio/gpio.c.obj
                0x100007e8                gpio_init
 *fill*         0x100007fe        0x2 
 .text.running_on_fpga
                0x10000800       0x14 CMakeFiles/lcd_display.dir/C_/Users/swppa/Projects/Fly_Spray_System/pico-sdk/src/rp2_common/pico_platform/platform.c.obj
                0x10000800                running_on_fpga
 .text.hw_claim_lock
                0x10000814       0x18 CMakeFiles/lcd_display.dir/C_/Users/swppa/Projects/Fly_Spray_System/pico-sdk/src/rp2_common/hardware_claim/claim.c.obj
                0x10000814                hw_claim_lock
 .text.hw_claim_unlock
                0x1000082c       0x14 CMakeFiles/lcd_display.dir/C_/Users/swppa/Projects/Fly_Spray_System/pico-sdk/src/rp2_common/hardware_claim/claim.c.obj
                0x1000082c                hw_claim_unlock
 .text.hw_claim_or_assert
                0x10000840       0x32 CMakeFiles/lcd_display.dir/C_/Users/swppa/Projects/Fly_Spray_System/pico-sdk/src/rp2_common/hardware_claim/claim.c.obj
                0x10000840                hw_claim_or_assert
 .text.hw_claim_unused_from_range
                0x10000872       0x50 CMakeFiles/lcd_display.dir/C_/Users/swppa/Projects/Fly_Spray_System/pico-sdk/src/rp2_common/hardware_claim/claim.c.obj
                0x10000872                hw_claim_unused_from_range
 *fill*         0x100008c2        0x2 
 .text.spin_locks_reset
                0x100008c4       0x20 CMakeFiles/lcd_display.dir/C_/Users/swppa/Projects/Fly_Spray_System/pico-sdk/src/rp2_common/hardware_sync/sync.c.obj
                0x100008c4                spin_locks_reset
 .text.next_striped_spin_lock_num
                0x100008e4       0x1c CMakeFiles/lcd_display.dir/C_/Users/swppa/Projects/Fly_Spray_System/pico-sdk/src/rp2_common/hardware_sync/sync.c.obj
                0x100008e4                next_striped_spin_lock_num
 .text.spin_lock_claim_unused
                0x10000900       0x20 CMakeFiles/lcd_display.dir/C_/Users/swppa/Projects/Fly_Spray_System/pico-sdk/src/rp2_common/hardware_sync/sync.c.obj
                0x10000900                spin_lock_claim_unused
 .text.set_raw_irq_handler_and_unlock
                0x10000920       0x28 CMakeFiles/lcd_display.dir/C_/Users/swppa/Projects/Fly_Spray_System/pico-sdk/src/rp2_common/hardware_irq/irq.c.obj
 .text.make_branch
                0x10000948       0x48 CMakeFiles/lcd_display.dir/C_/Users/swppa/Projects/Fly_Spray_System/pico-sdk/src/rp2_common/hardware_irq/irq.c.obj
 .text.insert_branch_and_link
                0x10000990       0x40 CMakeFiles/lcd_display.dir/C_/Users/swppa/Projects/Fly_Spray_System/pico-sdk/src/rp2_common/hardware_irq/irq.c.obj
 .text.irq_is_enabled
                0x100009d0       0x18 CMakeFiles/lcd_display.dir/C_/Users/swppa/Projects/Fly_Spray_System/pico-sdk/src/rp2_common/hardware_irq/irq.c.obj
                0x100009d0                irq_is_enabled
 .text.irq_set_mask_enabled
                0x100009e8       0x20 CMakeFiles/lcd_display.dir/C_/Users/swppa/Projects/Fly_Spray_System/pico-sdk/src/rp2_common/hardware_irq/irq.c.obj
                0x100009e8                irq_set_mask_enabled
 .text.irq_set_enabled
                0x10000a08        0xe CMakeFiles/lcd_display.dir/C_/Users/swppa/Projects/Fly_Spray_System/pico-sdk/src/rp2_common/hardware_irq/irq.c.obj
                0x10000a08                irq_set_enabled
 *fill*         0x10000a16        0x2 
 .text.irq_set_pending
                0x10000a18       0x10 CMakeFiles/lcd_display.dir/C_/Users/swppa/Projects/Fly_Spray_System/pico-sdk/src/rp2_common/hardware_irq/irq.c.obj
                0x10000a18                irq_set_pending
 .text.irq_get_vtable_handler
                0x10000a28       0x10 CMakeFiles/lcd_display.dir/C_/Users/swppa/Projects/Fly_Spray_System/pico-sdk/src/rp2_common/hardware_irq/irq.c.obj
                0x10000a28                irq_get_vtable_handler
 .text.irq_has_shared_handler
                0x10000a38       0x24 CMakeFiles/lcd_display.dir/C_/Users/swppa/Projects/Fly_Spray_System/pico-sdk/src/rp2_common/hardware_irq/irq.c.obj
                0x10000a38                irq_has_shared_handler
 .text.irq_set_exclusive_handler
                0x10000a5c       0x54 CMakeFiles/lcd_display.dir/C_/Users/swppa/Projects/Fly_Spray_System/pico-sdk/src/rp2_common/hardware_irq/irq.c.obj
                0x10000a5c                irq_set_exclusive_handler
 .text.irq_add_shared_handler
                0x10000ab0      0x234 CMakeFiles/lcd_display.dir/C_/Users/swppa/Projects/Fly_Spray_System/pico-sdk/src/rp2_common/hardware_irq/irq.c.obj
                0x10000ab0                irq_add_shared_handler
 .text.irq_remove_handler
                0x10000ce4      0x1ac CMakeFiles/lcd_display.dir/C_/Users/swppa/Projects/Fly_Spray_System/pico-sdk/src/rp2_common/hardware_irq/irq.c.obj
                0x10000ce4                irq_remove_handler
 .text.irq_add_tail_to_free_list
                0x10000e90       0xf0 CMakeFiles/lcd_display.dir/C_/Users/swppa/Projects/Fly_Spray_System/pico-sdk/src/rp2_common/hardware_irq/irq.c.obj
                0x10000e90                irq_add_tail_to_free_list
 .text.irq_init_priorities
                0x10000f80       0x1c CMakeFiles/lcd_display.dir/C_/Users/swppa/Projects/Fly_Spray_System/pico-sdk/src/rp2_common/hardware_irq/irq.c.obj
                0x10000f80                irq_init_priorities
 .text.user_irq_claim_unused
                0x10000f9c       0x28 CMakeFiles/lcd_display.dir/C_/Users/swppa/Projects/Fly_Spray_System/pico-sdk/src/rp2_common/hardware_irq/irq.c.obj
                0x10000f9c                user_irq_claim_unused
 .text.lock_init
                0x10000fc4       0x10 CMakeFiles/lcd_display.dir/C_/Users/swppa/Projects/Fly_Spray_System/pico-sdk/src/common/pico_sync/lock_core.c.obj
                0x10000fc4                lock_init
 .text.mutex_init
                0x10000fd4       0x1a CMakeFiles/lcd_display.dir/C_/Users/swppa/Projects/Fly_Spray_System/pico-sdk/src/common/pico_sync/mutex.c.obj
                0x10000fd4                mutex_init
 .text.recursive_mutex_init
                0x10000fee       0x1e CMakeFiles/lcd_display.dir/C_/Users/swppa/Projects/Fly_Spray_System/pico-sdk/src/common/pico_sync/mutex.c.obj
                0x10000fee                recursive_mutex_init
 .text.critical_section_init_with_lock_num
                0x1000100c       0x14 CMakeFiles/lcd_display.dir/C_/Users/swppa/Projects/Fly_Spray_System/pico-sdk/src/common/pico_sync/critical_section.c.obj
                0x1000100c                critical_section_init_with_lock_num
 .text.critical_section_init
                0x10001020       0x14 CMakeFiles/lcd_display.dir/C_/Users/swppa/Projects/Fly_Spray_System/pico-sdk/src/common/pico_sync/critical_section.c.obj
                0x10001020                critical_section_init
 .text.alarm_pool_post_alloc_init
                0x10001034       0x40 CMakeFiles/lcd_display.dir/C_/Users/swppa/Projects/Fly_Spray_System/pico-sdk/src/common/pico_time/time.c.obj
 .text.sleep_until_callback
                0x10001074       0x30 CMakeFiles/lcd_display.dir/C_/Users/swppa/Projects/Fly_Spray_System/pico-sdk/src/common/pico_time/time.c.obj
 .text.timer_pool_entry_comparator
                0x100010a4       0x7c CMakeFiles/lcd_display.dir/C_/Users/swppa/Projects/Fly_Spray_System/pico-sdk/src/common/pico_time/time.c.obj
                0x100010a4                timer_pool_entry_comparator
 .text.ph_add_child_node
                0x10001120       0xa4 CMakeFiles/lcd_display.dir/C_/Users/swppa/Projects/Fly_Spray_System/pico-sdk/src/common/pico_time/time.c.obj
 .text.ph_merge_nodes
                0x100011c4       0x3e CMakeFiles/lcd_display.dir/C_/Users/swppa/Projects/Fly_Spray_System/pico-sdk/src/common/pico_time/time.c.obj
 *fill*         0x10001202        0x2 
 .text.add_alarm_under_lock
                0x10001204      0x174 CMakeFiles/lcd_display.dir/C_/Users/swppa/Projects/Fly_Spray_System/pico-sdk/src/common/pico_time/time.c.obj
 .text.alarm_pool_alarm_callback
                0x10001378      0x33c CMakeFiles/lcd_display.dir/C_/Users/swppa/Projects/Fly_Spray_System/pico-sdk/src/common/pico_time/time.c.obj
 .text.alarm_pool_init_default
                0x100016b4       0x40 CMakeFiles/lcd_display.dir/C_/Users/swppa/Projects/Fly_Spray_System/pico-sdk/src/common/pico_time/time.c.obj
                0x100016b4                alarm_pool_init_default
 .text.alarm_pool_get_default
                0x100016f4       0x2c CMakeFiles/lcd_display.dir/C_/Users/swppa/Projects/Fly_Spray_System/pico-sdk/src/common/pico_time/time.c.obj
                0x100016f4                alarm_pool_get_default
 .text.alarm_pool_add_alarm_at
                0x10001720      0x168 CMakeFiles/lcd_display.dir/C_/Users/swppa/Projects/Fly_Spray_System/pico-sdk/src/common/pico_time/time.c.obj
                0x10001720                alarm_pool_add_alarm_at
 .text.alarm_pool_cancel_alarm
                0x10001888       0xf8 CMakeFiles/lcd_display.dir/C_/Users/swppa/Projects/Fly_Spray_System/pico-sdk/src/common/pico_time/time.c.obj
                0x10001888                alarm_pool_cancel_alarm
 .text.alarm_pool_core_num
                0x10001980        0x4 CMakeFiles/lcd_display.dir/C_/Users/swppa/Projects/Fly_Spray_System/pico-sdk/src/common/pico_time/time.c.obj
                0x10001980                alarm_pool_core_num
 .text.sleep_until
                0x10001984       0xfc CMakeFiles/lcd_display.dir/C_/Users/swppa/Projects/Fly_Spray_System/pico-sdk/src/common/pico_time/time.c.obj
                0x10001984                sleep_until
 .text.sleep_us
                0x10001a80       0x58 CMakeFiles/lcd_display.dir/C_/Users/swppa/Projects/Fly_Spray_System/pico-sdk/src/common/pico_time/time.c.obj
                0x10001a80                sleep_us
 .text.sleep_ms
                0x10001ad8       0x14 CMakeFiles/lcd_display.dir/C_/Users/swppa/Projects/Fly_Spray_System/pico-sdk/src/common/pico_time/time.c.obj
                0x10001ad8                sleep_ms
 .text.best_effort_wfe_or_timeout
                0x10001aec       0xac CMakeFiles/lcd_display.dir/C_/Users/swppa/Projects/Fly_Spray_System/pico-sdk/src/common/pico_time/time.c.obj
                0x10001aec                best_effort_wfe_or_timeout
 .text.hardware_alarm_irq_handler
                0x10001b98       0x90 CMakeFiles/lcd_display.dir/C_/Users/swppa/Projects/Fly_Spray_System/pico-sdk/src/rp2_common/hardware_timer/timer.c.obj
 .text.hardware_alarm_claim
                0x10001c28       0x18 CMakeFiles/lcd_display.dir/C_/Users/swppa/Projects/Fly_Spray_System/pico-sdk/src/rp2_common/hardware_timer/timer.c.obj
                0x10001c28                hardware_alarm_claim
 .text.time_us_64
                0x10001c40       0x18 CMakeFiles/lcd_display.dir/C_/Users/swppa/Projects/Fly_Spray_System/pico-sdk/src/rp2_common/hardware_timer/timer.c.obj
                0x10001c40                time_us_64
 .text.busy_wait_until
                0x10001c58       0x28 CMakeFiles/lcd_display.dir/C_/Users/swppa/Projects/Fly_Spray_System/pico-sdk/src/rp2_common/hardware_timer/timer.c.obj
                0x10001c58                busy_wait_until
 .text.hardware_alarm_set_callback
                0x10001c80       0x90 CMakeFiles/lcd_display.dir/C_/Users/swppa/Projects/Fly_Spray_System/pico-sdk/src/rp2_common/hardware_timer/timer.c.obj
                0x10001c80                hardware_alarm_set_callback
 .text.hardware_alarm_set_target
                0x10001d10       0xe8 CMakeFiles/lcd_display.dir/C_/Users/swppa/Projects/Fly_Spray_System/pico-sdk/src/rp2_common/hardware_timer/timer.c.obj
                0x10001d10                hardware_alarm_set_target
 .text.hardware_alarm_cancel
                0x10001df8       0x40 CMakeFiles/lcd_display.dir/C_/Users/swppa/Projects/Fly_Spray_System/pico-sdk/src/rp2_common/hardware_timer/timer.c.obj
                0x10001df8                hardware_alarm_cancel
 .text.ph_add_child_node
                0x10001e38       0xa4 CMakeFiles/lcd_display.dir/C_/Users/swppa/Projects/Fly_Spray_System/pico-sdk/src/common/pico_util/pheap.c.obj
 .text.ph_merge_nodes
                0x10001edc       0x3e CMakeFiles/lcd_display.dir/C_/Users/swppa/Projects/Fly_Spray_System/pico-sdk/src/common/pico_util/pheap.c.obj
 *fill*         0x10001f1a        0x2 
 .text.ph_clear
                0x10001f1c       0x70 CMakeFiles/lcd_display.dir/C_/Users/swppa/Projects/Fly_Spray_System/pico-sdk/src/common/pico_util/pheap.c.obj
                0x10001f1c                ph_clear
 .text.ph_post_alloc_init
                0x10001f8c        0xe CMakeFiles/lcd_display.dir/C_/Users/swppa/Projects/Fly_Spray_System/pico-sdk/src/common/pico_util/pheap.c.obj
                0x10001f8c                ph_post_alloc_init
 *fill*         0x10001f9a        0x2 
 .text.ph_merge_two_pass
                0x10001f9c       0xa8 CMakeFiles/lcd_display.dir/C_/Users/swppa/Projects/Fly_Spray_System/pico-sdk/src/common/pico_util/pheap.c.obj
                0x10001f9c                ph_merge_two_pass
 .text.ph_remove_any_head
                0x10002044      0x128 CMakeFiles/lcd_display.dir/C_/Users/swppa/Projects/Fly_Spray_System/pico-sdk/src/common/pico_util/pheap.c.obj
 .text.ph_remove_head
                0x1000216c       0x14 CMakeFiles/lcd_display.dir/C_/Users/swppa/Projects/Fly_Spray_System/pico-sdk/src/common/pico_util/pheap.c.obj
                0x1000216c                ph_remove_head
 .text.ph_remove_and_free_node
                0x10002180       0xf8 CMakeFiles/lcd_display.dir/C_/Users/swppa/Projects/Fly_Spray_System/pico-sdk/src/common/pico_util/pheap.c.obj
                0x10002180                ph_remove_and_free_node
 .text.clock_configure
                0x10002278      0x108 CMakeFiles/lcd_display.dir/C_/Users/swppa/Projects/Fly_Spray_System/pico-sdk/src/rp2_common/hardware_clocks/clocks.c.obj
                0x10002278                clock_configure
 .text.clocks_init
                0x10002380      0x100 CMakeFiles/lcd_display.dir/C_/Users/swppa/Projects/Fly_Spray_System/pico-sdk/src/rp2_common/hardware_clocks/clocks.c.obj
                0x10002380                clocks_init
 .text.clock_get_hz
                0x10002480        0xc CMakeFiles/lcd_display.dir/C_/Users/swppa/Projects/Fly_Spray_System/pico-sdk/src/rp2_common/hardware_clocks/clocks.c.obj
                0x10002480                clock_get_hz
 .text.pll_init
                0x1000248c      0x120 CMakeFiles/lcd_display.dir/C_/Users/swppa/Projects/Fly_Spray_System/pico-sdk/src/rp2_common/hardware_pll/pll.c.obj
                0x1000248c                pll_init
 .text.watchdog_start_tick
                0x100025ac       0x10 CMakeFiles/lcd_display.dir/C_/Users/swppa/Projects/Fly_Spray_System/pico-sdk/src/rp2_common/hardware_watchdog/watchdog.c.obj
                0x100025ac                watchdog_start_tick
 .text.watchdog_update
                0x100025bc       0x14 CMakeFiles/lcd_display.dir/C_/Users/swppa/Projects/Fly_Spray_System/pico-sdk/src/rp2_common/hardware_watchdog/watchdog.c.obj
                0x100025bc                watchdog_update
 .text._watchdog_enable
                0x100025d0       0x78 CMakeFiles/lcd_display.dir/C_/Users/swppa/Projects/Fly_Spray_System/pico-sdk/src/rp2_common/hardware_watchdog/watchdog.c.obj
                0x100025d0                _watchdog_enable
 .text.watchdog_reboot
                0x10002648       0x48 CMakeFiles/lcd_display.dir/C_/Users/swppa/Projects/Fly_Spray_System/pico-sdk/src/rp2_common/hardware_watchdog/watchdog.c.obj
                0x10002648                watchdog_reboot
 .text.xosc_init
                0x10002690       0x28 CMakeFiles/lcd_display.dir/C_/Users/swppa/Projects/Fly_Spray_System/pico-sdk/src/rp2_common/hardware_xosc/xosc.c.obj
                0x10002690                xosc_init
 .text._exit    0x100026b8        0x4 CMakeFiles/lcd_display.dir/C_/Users/swppa/Projects/Fly_Spray_System/pico-sdk/src/rp2_common/pico_runtime/runtime.c.obj
                0x100026b8                _exit
 .text.exit     0x100026bc        0x6 CMakeFiles/lcd_display.dir/C_/Users/swppa/Projects/Fly_Spray_System/pico-sdk/src/rp2_common/pico_runtime/runtime.c.obj
                0x100026bc                exit
 *fill*         0x100026c2        0x2 
 .text.__assert_func
                0x100026c4       0x3c CMakeFiles/lcd_display.dir/C_/Users/swppa/Projects/Fly_Spray_System/pico-sdk/src/rp2_common/pico_runtime/runtime.c.obj
                0x100026c4                __assert_func
 .text.runtime_init
                0x10002700       0xf8 CMakeFiles/lcd_display.dir/C_/Users/swppa/Projects/Fly_Spray_System/pico-sdk/src/rp2_common/pico_runtime/runtime.c.obj
                0x10002700                runtime_init
 .text.panic    0x100027f8       0x30 CMakeFiles/lcd_display.dir/C_/Users/swppa/Projects/Fly_Spray_System/pico-sdk/src/rp2_common/pico_runtime/runtime.c.obj
                0x100027f8                panic
 .text._out_null
                0x10002828        0x2 CMakeFiles/lcd_display.dir/C_/Users/swppa/Projects/Fly_Spray_System/pico-sdk/src/rp2_common/pico_printf/printf.c.obj
 .text._out_fct
                0x1000282a        0xe CMakeFiles/lcd_display.dir/C_/Users/swppa/Projects/Fly_Spray_System/pico-sdk/src/rp2_common/pico_printf/printf.c.obj
 .text._atoi    0x10002838       0x24 CMakeFiles/lcd_display.dir/C_/Users/swppa/Projects/Fly_Spray_System/pico-sdk/src/rp2_common/pico_printf/printf.c.obj
 .text._out_rev
                0x1000285c       0xae CMakeFiles/lcd_display.dir/C_/Users/swppa/Projects/Fly_Spray_System/pico-sdk/src/rp2_common/pico_printf/printf.c.obj
 .text._ntoa_format
                0x1000290a      0x112 CMakeFiles/lcd_display.dir/C_/Users/swppa/Projects/Fly_Spray_System/pico-sdk/src/rp2_common/pico_printf/printf.c.obj
 .text._ntoa_long
                0x10002a1c       0xbc CMakeFiles/lcd_display.dir/C_/Users/swppa/Projects/Fly_Spray_System/pico-sdk/src/rp2_common/pico_printf/printf.c.obj
 .text._ntoa_long_long
                0x10002ad8       0xe2 CMakeFiles/lcd_display.dir/C_/Users/swppa/Projects/Fly_Spray_System/pico-sdk/src/rp2_common/pico_printf/printf.c.obj
 *fill*         0x10002bba        0x2 
 .text._etoa    0x10002bbc      0x414 CMakeFiles/lcd_display.dir/C_/Users/swppa/Projects/Fly_Spray_System/pico-sdk/src/rp2_common/pico_printf/printf.c.obj
 .text._ftoa    0x10002fd0      0x354 CMakeFiles/lcd_display.dir/C_/Users/swppa/Projects/Fly_Spray_System/pico-sdk/src/rp2_common/pico_printf/printf.c.obj
 .text._vsnprintf
                0x10003324      0x624 CMakeFiles/lcd_display.dir/C_/Users/swppa/Projects/Fly_Spray_System/pico-sdk/src/rp2_common/pico_printf/printf.c.obj
 .text.vfctprintf
                0x10003948       0x20 CMakeFiles/lcd_display.dir/C_/Users/swppa/Projects/Fly_Spray_System/pico-sdk/src/rp2_common/pico_printf/printf.c.obj
                0x10003948                vfctprintf
 .text          0x10003968       0x10 CMakeFiles/lcd_display.dir/C_/Users/swppa/Projects/Fly_Spray_System/pico-sdk/src/rp2_common/pico_bit_ops/bit_ops_aeabi.S.obj
 .text.rom_func_lookup
                0x10003978       0x10 CMakeFiles/lcd_display.dir/C_/Users/swppa/Projects/Fly_Spray_System/pico-sdk/src/rp2_common/pico_bootrom/bootrom.c.obj
                0x10003978                rom_func_lookup
 .text.rom_data_lookup
                0x10003988       0x10 CMakeFiles/lcd_display.dir/C_/Users/swppa/Projects/Fly_Spray_System/pico-sdk/src/rp2_common/pico_bootrom/bootrom.c.obj
                0x10003988                rom_data_lookup
 .text.rom_funcs_lookup
                0x10003998       0x36 CMakeFiles/lcd_display.dir/C_/Users/swppa/Projects/Fly_Spray_System/pico-sdk/src/rp2_common/pico_bootrom/bootrom.c.obj
                0x10003998                rom_funcs_lookup
 *fill*         0x100039ce        0x2 
 .text.__wrap___aeabi_idiv
                0x100039d0       0x50 CMakeFiles/lcd_display.dir/C_/Users/swppa/Projects/Fly_Spray_System/pico-sdk/src/rp2_common/pico_divider/divider.S.obj
                0x100039d0                __wrap___aeabi_idivmod
                0x100039d0                divmod_s32s32
                0x100039d0                div_s32s32
                0x100039d0                __wrap___aeabi_idiv
                0x100039d8                divmod_s32s32_unsafe
                0x10003a04                divmod_s32s32_savestate
 .text.__wrap___aeabi_uidiv
                0x10003a20       0x4c CMakeFiles/lcd_display.dir/C_/Users/swppa/Projects/Fly_Spray_System/pico-sdk/src/rp2_common/pico_divider/divider.S.obj
                0x10003a20                __wrap___aeabi_uidiv
                0x10003a20                __wrap___aeabi_uidivmod
                0x10003a20                div_u32u32
                0x10003a20                divmod_u32u32
                0x10003a28                divmod_u32u32_unsafe
                0x10003a50                divmod_u32u32_savestate
 .text.__wrap___aeabi_ldiv
                0x10003a6c      0x424 CMakeFiles/lcd_display.dir/C_/Users/swppa/Projects/Fly_Spray_System/pico-sdk/src/rp2_common/pico_divider/divider.S.obj
                0x10003a6c                div_s64s64
                0x10003a6c                divmod_s64s64
                0x10003a6c                __wrap___aeabi_ldivmod
                0x10003a9c                divmod_u64u64
                0x10003a9c                div_u64u64
                0x10003a9c                __wrap___aeabi_uldivmod
                0x10003aac                divmod_u64u64_savestate
                0x10003acc                divmod_s64s64_unsafe
                0x10003b54                divmod_u64u64_unsafe
 .text.__wrap___aeabi_darithmetic
                0x10003e90       0x80 CMakeFiles/lcd_display.dir/C_/Users/swppa/Projects/Fly_Spray_System/pico-sdk/src/rp2_common/pico_double/double_aeabi.S.obj
                0x10003e90                __wrap___aeabi_drsub
                0x10003e96                __wrap___aeabi_dsub
                0x10003ea8                __wrap___aeabi_dadd
                0x10003eba                __wrap___aeabi_ddiv
                0x10003ef6                __wrap___aeabi_dmul
 .text.__wrap___aeabi_cdcmple
                0x10003f10       0x6c CMakeFiles/lcd_display.dir/C_/Users/swppa/Projects/Fly_Spray_System/pico-sdk/src/rp2_common/pico_double/double_aeabi.S.obj
                0x10003f10                __wrap___aeabi_cdrcmple
                0x10003f20                __wrap___aeabi_cdcmpeq
                0x10003f20                __wrap___aeabi_cdcmple
 .text.__wrap___aeabi_dcmplt
                0x10003f7c        0xc CMakeFiles/lcd_display.dir/C_/Users/swppa/Projects/Fly_Spray_System/pico-sdk/src/rp2_common/pico_double/double_aeabi.S.obj
                0x10003f7c                __wrap___aeabi_dcmplt
 .text.__wrap___aeabi_dcmple
                0x10003f88       0x10 CMakeFiles/lcd_display.dir/C_/Users/swppa/Projects/Fly_Spray_System/pico-sdk/src/rp2_common/pico_double/double_aeabi.S.obj
                0x10003f88                __wrap___aeabi_dcmple
 .text.__wrap___aeabi_dcmpge
                0x10003f98       0x10 CMakeFiles/lcd_display.dir/C_/Users/swppa/Projects/Fly_Spray_System/pico-sdk/src/rp2_common/pico_double/double_aeabi.S.obj
                0x10003f98                __wrap___aeabi_dcmpge
 .text.__wrap___aeabi_dcmpgt
                0x10003fa8        0xa CMakeFiles/lcd_display.dir/C_/Users/swppa/Projects/Fly_Spray_System/pico-sdk/src/rp2_common/pico_double/double_aeabi.S.obj
                0x10003fa8                __wrap___aeabi_dcmpgt
 .text.__wrap___aeabi_dcmpun
                0x10003fb2       0x1c CMakeFiles/lcd_display.dir/C_/Users/swppa/Projects/Fly_Spray_System/pico-sdk/src/rp2_common/pico_double/double_aeabi.S.obj
                0x10003fb2                __wrap___aeabi_dcmpun
 *fill*         0x10003fce        0x2 
 .text.__wrap___aeabi_i2d
                0x10003fd0       0x38 CMakeFiles/lcd_display.dir/C_/Users/swppa/Projects/Fly_Spray_System/pico-sdk/src/rp2_common/pico_double/double_aeabi.S.obj
                0x10003fd0                __wrap___aeabi_ui2d
                0x10003fd8                __wrap___aeabi_i2d
 .text.__wrap___aeabi_d2iz
                0x10004008       0x48 CMakeFiles/lcd_display.dir/C_/Users/swppa/Projects/Fly_Spray_System/pico-sdk/src/rp2_common/pico_double/double_aeabi.S.obj
                0x10004008                double2int_z
                0x10004008                __wrap___aeabi_d2iz
 .text.__wrap___aeabi_d2uiz
                0x10004050       0x18 CMakeFiles/lcd_display.dir/C_/Users/swppa/Projects/Fly_Spray_System/pico-sdk/src/rp2_common/pico_double/double_aeabi.S.obj
                0x10004050                __wrap___aeabi_d2uiz
                0x10004050                double2uint
 .text.__aeabi_double_init
                0x10004068       0xc8 CMakeFiles/lcd_display.dir/C_/Users/swppa/Projects/Fly_Spray_System/pico-sdk/src/rp2_common/pico_double/double_init_rom.c.obj
                0x10004068                __aeabi_double_init
 .text.double_table_shim_on_use_helper
                0x10004130       0x34 CMakeFiles/lcd_display.dir/C_/Users/swppa/Projects/Fly_Spray_System/pico-sdk/src/rp2_common/pico_double/double_v1_rom_shim.S.obj
                0x10004130                double_table_shim_on_use_helper
 .text.__wrap___aeabi_dsub
                0x10004164       0x10 CMakeFiles/lcd_display.dir/C_/Users/swppa/Projects/Fly_Spray_System/pico-sdk/src/rp2_common/pico_double/double_v1_rom_shim.S.obj
                0x10004164                drsub_shim
                0x1000416a                dsub_shim
 .text.dadd_shim
                0x10004174      0x15c CMakeFiles/lcd_display.dir/C_/Users/swppa/Projects/Fly_Spray_System/pico-sdk/src/rp2_common/pico_double/double_v1_rom_shim.S.obj
                0x10004174                dadd_shim
 .text.dmul_shim
                0x100042d0      0x15c CMakeFiles/lcd_display.dir/C_/Users/swppa/Projects/Fly_Spray_System/pico-sdk/src/rp2_common/pico_double/double_v1_rom_shim.S.obj
                0x100042d0                dmul_shim
 .text.ddiv_shim
                0x1000442c      0x1b0 CMakeFiles/lcd_display.dir/C_/Users/swppa/Projects/Fly_Spray_System/pico-sdk/src/rp2_common/pico_double/double_v1_rom_shim.S.obj
                0x1000442c                ddiv_shim
 .text.double2uint_shim
                0x100045dc        0xe CMakeFiles/lcd_display.dir/C_/Users/swppa/Projects/Fly_Spray_System/pico-sdk/src/rp2_common/pico_double/double_v1_rom_shim.S.obj
                0x100045dc                double2uint_shim
                0x100045de                double2ufix_shim
 *fill*         0x100045ea        0x2 
 .text.double2uint64_shim
                0x100045ec       0x70 CMakeFiles/lcd_display.dir/C_/Users/swppa/Projects/Fly_Spray_System/pico-sdk/src/rp2_common/pico_double/double_v1_rom_shim.S.obj
                0x100045ec                double2uint64_shim
                0x100045ee                double2ufix64_shim
                0x1000460e                d2fix_a
 .text.dunpacks
                0x1000465c       0x3c CMakeFiles/lcd_display.dir/C_/Users/swppa/Projects/Fly_Spray_System/pico-sdk/src/rp2_common/pico_double/double_v1_rom_shim.S.obj
                0x1000465c                dunpacks
 .text.__aeabi_lmul
                0x10004698       0x32 CMakeFiles/lcd_display.dir/C_/Users/swppa/Projects/Fly_Spray_System/pico-sdk/src/rp2_common/pico_int64_ops/pico_int64_ops_aeabi.S.obj
                0x10004698                __wrap___aeabi_lmul
 *fill*         0x100046ca        0x2 
 .text.__wrap___aeabi_farithmetic
                0x100046cc       0x58 CMakeFiles/lcd_display.dir/C_/Users/swppa/Projects/Fly_Spray_System/pico-sdk/src/rp2_common/pico_float/float_aeabi.S.obj
                0x100046cc                __wrap___aeabi_frsub
                0x100046d2                __wrap___aeabi_fsub
                0x100046dc                __wrap___aeabi_fadd
                0x100046e6                __wrap___aeabi_fdiv
                0x10004712                __wrap___aeabi_fmul
 .text.__wrap___aeabi_cfcmple
                0x10004724       0x50 CMakeFiles/lcd_display.dir/C_/Users/swppa/Projects/Fly_Spray_System/pico-sdk/src/rp2_common/pico_float/float_aeabi.S.obj
                0x10004724                __wrap___aeabi_cfrcmple
                0x10004730                __wrap___aeabi_cfcmple
                0x10004730                __wrap___aeabi_cfcmpeq
 .text.__wrap___aeabi_fcmpeq
                0x10004774       0x10 CMakeFiles/lcd_display.dir/C_/Users/swppa/Projects/Fly_Spray_System/pico-sdk/src/rp2_common/pico_float/float_aeabi.S.obj
                0x10004774                __wrap___aeabi_fcmpeq
 .text.__wrap___aeabi_fcmplt
                0x10004784        0xc CMakeFiles/lcd_display.dir/C_/Users/swppa/Projects/Fly_Spray_System/pico-sdk/src/rp2_common/pico_float/float_aeabi.S.obj
                0x10004784                __wrap___aeabi_fcmplt
 .text.__wrap___aeabi_fcmpge
                0x10004790       0x10 CMakeFiles/lcd_display.dir/C_/Users/swppa/Projects/Fly_Spray_System/pico-sdk/src/rp2_common/pico_float/float_aeabi.S.obj
                0x10004790                __wrap___aeabi_fcmpge
 .text.__wrap___aeabi_fcmpgt
                0x100047a0        0xa CMakeFiles/lcd_display.dir/C_/Users/swppa/Projects/Fly_Spray_System/pico-sdk/src/rp2_common/pico_float/float_aeabi.S.obj
                0x100047a0                __wrap___aeabi_fcmpgt
 *fill*         0x100047aa        0x2 
 .text.__wrap___aeabi_i2f
                0x100047ac       0x44 CMakeFiles/lcd_display.dir/C_/Users/swppa/Projects/Fly_Spray_System/pico-sdk/src/rp2_common/pico_float/float_aeabi.S.obj
                0x100047ac                __wrap___aeabi_i2f
 .text.__wrap___aeabi_f2iz
                0x100047f0       0x4e CMakeFiles/lcd_display.dir/C_/Users/swppa/Projects/Fly_Spray_System/pico-sdk/src/rp2_common/pico_float/float_aeabi.S.obj
                0x100047f0                float2int_z
                0x100047f0                __wrap___aeabi_f2iz
 *fill*         0x1000483e        0x2 
 .text.float2int
                0x10004840       0x14 CMakeFiles/lcd_display.dir/C_/Users/swppa/Projects/Fly_Spray_System/pico-sdk/src/rp2_common/pico_float/float_aeabi.S.obj
                0x10004840                float2int
 .text.__wrap___aeabi_f2uiz
                0x10004854       0x10 CMakeFiles/lcd_display.dir/C_/Users/swppa/Projects/Fly_Spray_System/pico-sdk/src/rp2_common/pico_float/float_aeabi.S.obj
                0x10004854                __wrap___aeabi_f2uiz
 .text.__wrap___aeabi_f2d
                0x10004864       0x14 CMakeFiles/lcd_display.dir/C_/Users/swppa/Projects/Fly_Spray_System/pico-sdk/src/rp2_common/pico_float/float_aeabi.S.obj
                0x10004864                __wrap___aeabi_f2d
 .text.__aeabi_float_init
                0x10004878       0xfc CMakeFiles/lcd_display.dir/C_/Users/swppa/Projects/Fly_Spray_System/pico-sdk/src/rp2_common/pico_float/float_init_rom.c.obj
                0x10004878                __aeabi_float_init
 .text.float_table_shim_on_use_helper
                0x10004974       0x34 CMakeFiles/lcd_display.dir/C_/Users/swppa/Projects/Fly_Spray_System/pico-sdk/src/rp2_common/pico_float/float_v1_rom_shim.S.obj
                0x10004974                float_table_shim_on_use_helper
 .text.float232_shims
                0x100049a8       0x18 CMakeFiles/lcd_display.dir/C_/Users/swppa/Projects/Fly_Spray_System/pico-sdk/src/rp2_common/pico_float/float_v1_rom_shim.S.obj
                0x100049a8                float2int_shim
                0x100049aa                float2fix_shim
 .text.float2double_shim
                0x100049c0       0x30 CMakeFiles/lcd_display.dir/C_/Users/swppa/Projects/Fly_Spray_System/pico-sdk/src/rp2_common/pico_float/float_v1_rom_shim.S.obj
                0x100049c0                float2double_shim
 .text          0x100049f0       0x10 CMakeFiles/lcd_display.dir/C_/Users/swppa/Projects/Fly_Spray_System/pico-sdk/src/rp2_common/pico_mem_ops/mem_ops_aeabi.S.obj
                0x100049f0                __aeabi_mem_init
 .text.memset   0x10004a00        0xc CMakeFiles/lcd_display.dir/C_/Users/swppa/Projects/Fly_Spray_System/pico-sdk/src/rp2_common/pico_mem_ops/mem_ops_aeabi.S.obj
                0x10004a00                __wrap_memset
 .text.memcpy   0x10004a0c        0xc CMakeFiles/lcd_display.dir/C_/Users/swppa/Projects/Fly_Spray_System/pico-sdk/src/rp2_common/pico_mem_ops/mem_ops_aeabi.S.obj
                0x10004a0c                __wrap_memcpy
                0x10004a0c                __wrap___aeabi_memcpy
 .text.stdio_out_chars_no_crlf
                0x10004a18        0xe CMakeFiles/lcd_display.dir/C_/Users/swppa/Projects/Fly_Spray_System/pico-sdk/src/rp2_common/pico_stdio/stdio.c.obj
 *fill*         0x10004a26        0x2 
 .text.stdio_out_chars_crlf
                0x10004a28       0x80 CMakeFiles/lcd_display.dir/C_/Users/swppa/Projects/Fly_Spray_System/pico-sdk/src/rp2_common/pico_stdio/stdio.c.obj
 .text.stdio_stack_buffer_flush
                0x10004aa8       0x44 CMakeFiles/lcd_display.dir/C_/Users/swppa/Projects/Fly_Spray_System/pico-sdk/src/rp2_common/pico_stdio/stdio.c.obj
 .text.stdio_buffered_printer
                0x10004aec       0x20 CMakeFiles/lcd_display.dir/C_/Users/swppa/Projects/Fly_Spray_System/pico-sdk/src/rp2_common/pico_stdio/stdio.c.obj
 .text.stdout_serialize_begin
                0x10004b0c       0x5c CMakeFiles/lcd_display.dir/C_/Users/swppa/Projects/Fly_Spray_System/pico-sdk/src/rp2_common/pico_stdio/stdio.c.obj
                0x10004b0c                stdout_serialize_begin
 .text.stdout_serialize_end
                0x10004b68       0x10 CMakeFiles/lcd_display.dir/C_/Users/swppa/Projects/Fly_Spray_System/pico-sdk/src/rp2_common/pico_stdio/stdio.c.obj
                0x10004b68                stdout_serialize_end
 .text.stdio_put_string
                0x10004b78       0x98 CMakeFiles/lcd_display.dir/C_/Users/swppa/Projects/Fly_Spray_System/pico-sdk/src/rp2_common/pico_stdio/stdio.c.obj
 .text.__wrap_putchar
                0x10004c10       0x1c CMakeFiles/lcd_display.dir/C_/Users/swppa/Projects/Fly_Spray_System/pico-sdk/src/rp2_common/pico_stdio/stdio.c.obj
                0x10004c10                __wrap_putchar
 .text.stdio_set_driver_enabled
                0x10004c2c       0x2c CMakeFiles/lcd_display.dir/C_/Users/swppa/Projects/Fly_Spray_System/pico-sdk/src/rp2_common/pico_stdio/stdio.c.obj
                0x10004c2c                stdio_set_driver_enabled
 .text.stdio_flush
                0x10004c58       0x20 CMakeFiles/lcd_display.dir/C_/Users/swppa/Projects/Fly_Spray_System/pico-sdk/src/rp2_common/pico_stdio/stdio.c.obj
                0x10004c58                stdio_flush
 .text.__wrap_puts
                0x10004c78       0x1e CMakeFiles/lcd_display.dir/C_/Users/swppa/Projects/Fly_Spray_System/pico-sdk/src/rp2_common/pico_stdio/stdio.c.obj
                0x10004c78                __wrap_puts
 *fill*         0x10004c96        0x2 
 .text.__wrap_vprintf
                0x10004c98       0x40 CMakeFiles/lcd_display.dir/C_/Users/swppa/Projects/Fly_Spray_System/pico-sdk/src/rp2_common/pico_stdio/stdio.c.obj
                0x10004c98                __wrap_vprintf
 .text.__wrap_printf
                0x10004cd8       0x18 CMakeFiles/lcd_display.dir/C_/Users/swppa/Projects/Fly_Spray_System/pico-sdk/src/rp2_common/pico_stdio/stdio.c.obj
                0x10004cd8                __wrap_printf
 .text.stdio_init_all
                0x10004cf0        0x8 CMakeFiles/lcd_display.dir/C_/Users/swppa/Projects/Fly_Spray_System/pico-sdk/src/rp2_common/pico_stdio/stdio.c.obj
                0x10004cf0                stdio_init_all
 .text.resetd_init
                0x10004cf8        0x2 CMakeFiles/lcd_display.dir/C_/Users/swppa/Projects/Fly_Spray_System/pico-sdk/src/rp2_common/pico_stdio_usb/reset_interface.c.obj
 *fill*         0x10004cfa        0x2 
 .text.resetd_reset
                0x10004cfc        0xc CMakeFiles/lcd_display.dir/C_/Users/swppa/Projects/Fly_Spray_System/pico-sdk/src/rp2_common/pico_stdio_usb/reset_interface.c.obj
 .text.resetd_open
                0x10004d08       0x34 CMakeFiles/lcd_display.dir/C_/Users/swppa/Projects/Fly_Spray_System/pico-sdk/src/rp2_common/pico_stdio_usb/reset_interface.c.obj
 .text.resetd_xfer_cb
                0x10004d3c        0x4 CMakeFiles/lcd_display.dir/C_/Users/swppa/Projects/Fly_Spray_System/pico-sdk/src/rp2_common/pico_stdio_usb/reset_interface.c.obj
 .text.reset_usb_boot
                0x10004d40       0x18 CMakeFiles/lcd_display.dir/C_/Users/swppa/Projects/Fly_Spray_System/pico-sdk/src/rp2_common/pico_stdio_usb/reset_interface.c.obj
 .text.resetd_control_xfer_cb
                0x10004d58       0x5c CMakeFiles/lcd_display.dir/C_/Users/swppa/Projects/Fly_Spray_System/pico-sdk/src/rp2_common/pico_stdio_usb/reset_interface.c.obj
 .text.usbd_app_driver_get_cb
                0x10004db4        0xc CMakeFiles/lcd_display.dir/C_/Users/swppa/Projects/Fly_Spray_System/pico-sdk/src/rp2_common/pico_stdio_usb/reset_interface.c.obj
                0x10004db4                usbd_app_driver_get_cb
 .text.tud_cdc_line_coding_cb
                0x10004dc0       0x28 CMakeFiles/lcd_display.dir/C_/Users/swppa/Projects/Fly_Spray_System/pico-sdk/src/rp2_common/pico_stdio_usb/reset_interface.c.obj
                0x10004dc0                tud_cdc_line_coding_cb
 .text.stdio_usb_set_chars_available_callback
                0x10004de8       0x14 CMakeFiles/lcd_display.dir/C_/Users/swppa/Projects/Fly_Spray_System/pico-sdk/src/rp2_common/pico_stdio_usb/stdio_usb.c.obj
                0x10004de8                stdio_usb_set_chars_available_callback
 .text.usb_irq  0x10004dfc       0x10 CMakeFiles/lcd_display.dir/C_/Users/swppa/Projects/Fly_Spray_System/pico-sdk/src/rp2_common/pico_stdio_usb/stdio_usb.c.obj
 .text.timer_task
                0x10004e0c       0x5c CMakeFiles/lcd_display.dir/C_/Users/swppa/Projects/Fly_Spray_System/pico-sdk/src/rp2_common/pico_stdio_usb/stdio_usb.c.obj
 .text.low_priority_worker_irq
                0x10004e68       0xdc CMakeFiles/lcd_display.dir/C_/Users/swppa/Projects/Fly_Spray_System/pico-sdk/src/rp2_common/pico_stdio_usb/stdio_usb.c.obj
 .text.tud_cdc_rx_cb
                0x10004f44       0x20 CMakeFiles/lcd_display.dir/C_/Users/swppa/Projects/Fly_Spray_System/pico-sdk/src/rp2_common/pico_stdio_usb/stdio_usb.c.obj
                0x10004f44                tud_cdc_rx_cb
 .text.stdio_usb_init
                0x10004f64      0x11c CMakeFiles/lcd_display.dir/C_/Users/swppa/Projects/Fly_Spray_System/pico-sdk/src/rp2_common/pico_stdio_usb/stdio_usb.c.obj
                0x10004f64                stdio_usb_init
 .text.stdio_usb_connected
                0x10005080        0xa CMakeFiles/lcd_display.dir/C_/Users/swppa/Projects/Fly_Spray_System/pico-sdk/src/rp2_common/pico_stdio_usb/stdio_usb.c.obj
                0x10005080                stdio_usb_connected
 *fill*         0x1000508a        0x2 
 .text.stdio_usb_in_chars
                0x1000508c       0xc4 CMakeFiles/lcd_display.dir/C_/Users/swppa/Projects/Fly_Spray_System/pico-sdk/src/rp2_common/pico_stdio_usb/stdio_usb.c.obj
                0x1000508c                stdio_usb_in_chars
 .text.stdio_usb_out_chars
                0x10005150      0x114 CMakeFiles/lcd_display.dir/C_/Users/swppa/Projects/Fly_Spray_System/pico-sdk/src/rp2_common/pico_stdio_usb/stdio_usb.c.obj
 .text.tud_descriptor_device_cb
                0x10005264        0x8 CMakeFiles/lcd_display.dir/C_/Users/swppa/Projects/Fly_Spray_System/pico-sdk/src/rp2_common/pico_stdio_usb/stdio_usb_descriptors.c.obj
                0x10005264                tud_descriptor_device_cb
 .text.tud_descriptor_configuration_cb
                0x1000526c        0x8 CMakeFiles/lcd_display.dir/C_/Users/swppa/Projects/Fly_Spray_System/pico-sdk/src/rp2_common/pico_stdio_usb/stdio_usb_descriptors.c.obj
                0x1000526c                tud_descriptor_configuration_cb
 .text.tud_descriptor_string_cb
                0x10005274       0x6c CMakeFiles/lcd_display.dir/C_/Users/swppa/Projects/Fly_Spray_System/pico-sdk/src/rp2_common/pico_stdio_usb/stdio_usb_descriptors.c.obj
                0x10005274                tud_descriptor_string_cb
 .text._retrieve_unique_id_on_boot
                0x100052e0       0x10 CMakeFiles/lcd_display.dir/C_/Users/swppa/Projects/Fly_Spray_System/pico-sdk/src/rp2_common/pico_unique_id/unique_id.c.obj
 .text.pico_get_unique_board_id_string
                0x100052f0       0x60 CMakeFiles/lcd_display.dir/C_/Users/swppa/Projects/Fly_Spray_System/pico-sdk/src/rp2_common/pico_unique_id/unique_id.c.obj
                0x100052f0                pico_get_unique_board_id_string
 .text.flash_get_unique_id
                0x10005350       0x46 CMakeFiles/lcd_display.dir/C_/Users/swppa/Projects/Fly_Spray_System/pico-sdk/src/rp2_common/hardware_flash/flash.c.obj
                0x10005350                flash_get_unique_id
 *fill*         0x10005396        0x2 
 .text.hw_endpoint_get_by_addr
                0x10005398       0x18 CMakeFiles/lcd_display.dir/C_/Users/swppa/Projects/Fly_Spray_System/pico-sdk/lib/tinyusb/src/portable/raspberrypi/rp2040/dcd_rp2040.c.obj
 .text._hw_endpoint_alloc
                0x100053b0       0x70 CMakeFiles/lcd_display.dir/C_/Users/swppa/Projects/Fly_Spray_System/pico-sdk/lib/tinyusb/src/portable/raspberrypi/rp2040/dcd_rp2040.c.obj
 .text.hw_endpoint_init
                0x10005420       0x88 CMakeFiles/lcd_display.dir/C_/Users/swppa/Projects/Fly_Spray_System/pico-sdk/lib/tinyusb/src/portable/raspberrypi/rp2040/dcd_rp2040.c.obj
 .text.hw_endpoint_xfer
                0x100054a8       0x14 CMakeFiles/lcd_display.dir/C_/Users/swppa/Projects/Fly_Spray_System/pico-sdk/lib/tinyusb/src/portable/raspberrypi/rp2040/dcd_rp2040.c.obj
 .text.dcd_int_enable
                0x100054bc       0x2c CMakeFiles/lcd_display.dir/C_/Users/swppa/Projects/Fly_Spray_System/pico-sdk/lib/tinyusb/src/portable/raspberrypi/rp2040/dcd_rp2040.c.obj
                0x100054bc                dcd_int_enable
 .text.dcd_set_address
                0x100054e8       0x2c CMakeFiles/lcd_display.dir/C_/Users/swppa/Projects/Fly_Spray_System/pico-sdk/lib/tinyusb/src/portable/raspberrypi/rp2040/dcd_rp2040.c.obj
                0x100054e8                dcd_set_address
 .text.dcd_connect
                0x10005514       0x10 CMakeFiles/lcd_display.dir/C_/Users/swppa/Projects/Fly_Spray_System/pico-sdk/lib/tinyusb/src/portable/raspberrypi/rp2040/dcd_rp2040.c.obj
                0x10005514                dcd_connect
 .text.dcd_init
                0x10005524       0x80 CMakeFiles/lcd_display.dir/C_/Users/swppa/Projects/Fly_Spray_System/pico-sdk/lib/tinyusb/src/portable/raspberrypi/rp2040/dcd_rp2040.c.obj
                0x10005524                dcd_init
 .text.dcd_edpt0_status_complete
                0x100055a4       0x1c CMakeFiles/lcd_display.dir/C_/Users/swppa/Projects/Fly_Spray_System/pico-sdk/lib/tinyusb/src/portable/raspberrypi/rp2040/dcd_rp2040.c.obj
                0x100055a4                dcd_edpt0_status_complete
 .text.dcd_edpt_open
                0x100055c0       0x40 CMakeFiles/lcd_display.dir/C_/Users/swppa/Projects/Fly_Spray_System/pico-sdk/lib/tinyusb/src/portable/raspberrypi/rp2040/dcd_rp2040.c.obj
                0x100055c0                dcd_edpt_open
 .text.dcd_edpt_close_all
                0x10005600        0x8 CMakeFiles/lcd_display.dir/C_/Users/swppa/Projects/Fly_Spray_System/pico-sdk/lib/tinyusb/src/portable/raspberrypi/rp2040/dcd_rp2040.c.obj
                0x10005600                dcd_edpt_close_all
 .text.dcd_edpt_xfer
                0x10005608       0x34 CMakeFiles/lcd_display.dir/C_/Users/swppa/Projects/Fly_Spray_System/pico-sdk/lib/tinyusb/src/portable/raspberrypi/rp2040/dcd_rp2040.c.obj
                0x10005608                dcd_edpt_xfer
 .text.dcd_edpt_stall
                0x1000563c       0x2c CMakeFiles/lcd_display.dir/C_/Users/swppa/Projects/Fly_Spray_System/pico-sdk/lib/tinyusb/src/portable/raspberrypi/rp2040/dcd_rp2040.c.obj
                0x1000563c                dcd_edpt_stall
 .text.dcd_edpt_clear_stall
                0x10005668       0x20 CMakeFiles/lcd_display.dir/C_/Users/swppa/Projects/Fly_Spray_System/pico-sdk/lib/tinyusb/src/portable/raspberrypi/rp2040/dcd_rp2040.c.obj
                0x10005668                dcd_edpt_clear_stall
 .text.rp2040_usb_init
                0x10005688       0x4c CMakeFiles/lcd_display.dir/C_/Users/swppa/Projects/Fly_Spray_System/pico-sdk/lib/tinyusb/src/portable/raspberrypi/rp2040/rp2040_usb.c.obj
                0x10005688                rp2040_usb_init
 .text.hw_endpoint_xfer_start
                0x100056d4       0x50 CMakeFiles/lcd_display.dir/C_/Users/swppa/Projects/Fly_Spray_System/pico-sdk/lib/tinyusb/src/portable/raspberrypi/rp2040/rp2040_usb.c.obj
                0x100056d4                hw_endpoint_xfer_start
 .text.configuration_reset
                0x10005724       0x84 CMakeFiles/lcd_display.dir/C_/Users/swppa/Projects/Fly_Spray_System/pico-sdk/lib/tinyusb/src/device/usbd.c.obj
 .text.usbd_reset
                0x100057a8        0xc CMakeFiles/lcd_display.dir/C_/Users/swppa/Projects/Fly_Spray_System/pico-sdk/lib/tinyusb/src/device/usbd.c.obj
 .text.invoke_class_control
                0x100057b4       0x1a CMakeFiles/lcd_display.dir/C_/Users/swppa/Projects/Fly_Spray_System/pico-sdk/lib/tinyusb/src/device/usbd.c.obj
 *fill*         0x100057ce        0x2 
 .text.process_set_config
                0x100057d0      0x178 CMakeFiles/lcd_display.dir/C_/Users/swppa/Projects/Fly_Spray_System/pico-sdk/lib/tinyusb/src/device/usbd.c.obj
 .text.process_get_descriptor
                0x10005948       0xdc CMakeFiles/lcd_display.dir/C_/Users/swppa/Projects/Fly_Spray_System/pico-sdk/lib/tinyusb/src/device/usbd.c.obj
 .text.tud_mounted
                0x10005a24       0x10 CMakeFiles/lcd_display.dir/C_/Users/swppa/Projects/Fly_Spray_System/pico-sdk/lib/tinyusb/src/device/usbd.c.obj
                0x10005a24                tud_mounted
 .text.tud_suspended
                0x10005a34       0x10 CMakeFiles/lcd_display.dir/C_/Users/swppa/Projects/Fly_Spray_System/pico-sdk/lib/tinyusb/src/device/usbd.c.obj
                0x10005a34                tud_suspended
 .text.tud_inited
                0x10005a44       0x14 CMakeFiles/lcd_display.dir/C_/Users/swppa/Projects/Fly_Spray_System/pico-sdk/lib/tinyusb/src/device/usbd.c.obj
                0x10005a44                tud_inited
 .text.tud_init
                0x10005a58       0xcc CMakeFiles/lcd_display.dir/C_/Users/swppa/Projects/Fly_Spray_System/pico-sdk/lib/tinyusb/src/device/usbd.c.obj
                0x10005a58                tud_init
 .text.usbd_defer_func
                0x10005b24       0x2a CMakeFiles/lcd_display.dir/C_/Users/swppa/Projects/Fly_Spray_System/pico-sdk/lib/tinyusb/src/device/usbd.c.obj
                0x10005b24                usbd_defer_func
 *fill*         0x10005b4e        0x2 
 .text.usbd_edpt_open
                0x10005b50       0x34 CMakeFiles/lcd_display.dir/C_/Users/swppa/Projects/Fly_Spray_System/pico-sdk/lib/tinyusb/src/device/usbd.c.obj
                0x10005b50                usbd_edpt_open
 .text.usbd_open_edpt_pair
                0x10005b84       0x62 CMakeFiles/lcd_display.dir/C_/Users/swppa/Projects/Fly_Spray_System/pico-sdk/lib/tinyusb/src/device/usbd.c.obj
                0x10005b84                usbd_open_edpt_pair
 *fill*         0x10005be6        0x2 
 .text.usbd_edpt_claim
                0x10005be8       0x28 CMakeFiles/lcd_display.dir/C_/Users/swppa/Projects/Fly_Spray_System/pico-sdk/lib/tinyusb/src/device/usbd.c.obj
                0x10005be8                usbd_edpt_claim
 .text.usbd_edpt_release
                0x10005c10       0x28 CMakeFiles/lcd_display.dir/C_/Users/swppa/Projects/Fly_Spray_System/pico-sdk/lib/tinyusb/src/device/usbd.c.obj
                0x10005c10                usbd_edpt_release
 .text.usbd_edpt_xfer
                0x10005c38       0x78 CMakeFiles/lcd_display.dir/C_/Users/swppa/Projects/Fly_Spray_System/pico-sdk/lib/tinyusb/src/device/usbd.c.obj
                0x10005c38                usbd_edpt_xfer
 .text.usbd_edpt_stall
                0x10005cb0       0x48 CMakeFiles/lcd_display.dir/C_/Users/swppa/Projects/Fly_Spray_System/pico-sdk/lib/tinyusb/src/device/usbd.c.obj
                0x10005cb0                usbd_edpt_stall
 .text.usbd_edpt_clear_stall
                0x10005cf8       0x48 CMakeFiles/lcd_display.dir/C_/Users/swppa/Projects/Fly_Spray_System/pico-sdk/lib/tinyusb/src/device/usbd.c.obj
                0x10005cf8                usbd_edpt_clear_stall
 .text.usbd_edpt_stalled
                0x10005d40       0x1c CMakeFiles/lcd_display.dir/C_/Users/swppa/Projects/Fly_Spray_System/pico-sdk/lib/tinyusb/src/device/usbd.c.obj
                0x10005d40                usbd_edpt_stalled
 .text.process_control_request
                0x10005d5c      0x37c CMakeFiles/lcd_display.dir/C_/Users/swppa/Projects/Fly_Spray_System/pico-sdk/lib/tinyusb/src/device/usbd.c.obj
 .text.tud_task_ext
                0x100060d8      0x1b8 CMakeFiles/lcd_display.dir/C_/Users/swppa/Projects/Fly_Spray_System/pico-sdk/lib/tinyusb/src/device/usbd.c.obj
                0x100060d8                tud_task_ext
 .text._data_stage_xact
                0x10006290       0x58 CMakeFiles/lcd_display.dir/C_/Users/swppa/Projects/Fly_Spray_System/pico-sdk/lib/tinyusb/src/device/usbd_control.c.obj
 .text.tud_control_status
                0x100062e8       0x38 CMakeFiles/lcd_display.dir/C_/Users/swppa/Projects/Fly_Spray_System/pico-sdk/lib/tinyusb/src/device/usbd_control.c.obj
                0x100062e8                tud_control_status
 .text.tud_control_xfer
                0x10006320       0x74 CMakeFiles/lcd_display.dir/C_/Users/swppa/Projects/Fly_Spray_System/pico-sdk/lib/tinyusb/src/device/usbd_control.c.obj
                0x10006320                tud_control_xfer
 .text.usbd_control_reset
                0x10006394       0x14 CMakeFiles/lcd_display.dir/C_/Users/swppa/Projects/Fly_Spray_System/pico-sdk/lib/tinyusb/src/device/usbd_control.c.obj
                0x10006394                usbd_control_reset
 .text.usbd_control_set_complete_callback
                0x100063a8        0xc CMakeFiles/lcd_display.dir/C_/Users/swppa/Projects/Fly_Spray_System/pico-sdk/lib/tinyusb/src/device/usbd_control.c.obj
                0x100063a8                usbd_control_set_complete_callback
 .text.usbd_control_set_request
                0x100063b4       0x1c CMakeFiles/lcd_display.dir/C_/Users/swppa/Projects/Fly_Spray_System/pico-sdk/lib/tinyusb/src/device/usbd_control.c.obj
                0x100063b4                usbd_control_set_request
 .text.usbd_control_xfer_cb
                0x100063d0       0xcc CMakeFiles/lcd_display.dir/C_/Users/swppa/Projects/Fly_Spray_System/pico-sdk/lib/tinyusb/src/device/usbd_control.c.obj
                0x100063d0                usbd_control_xfer_cb
 .text._prep_out_transaction
                0x1000649c       0x4a CMakeFiles/lcd_display.dir/C_/Users/swppa/Projects/Fly_Spray_System/pico-sdk/lib/tinyusb/src/class/cdc/cdc_device.c.obj
 *fill*         0x100064e6        0x2 
 .text.tud_cdc_n_connected
                0x100064e8       0x44 CMakeFiles/lcd_display.dir/C_/Users/swppa/Projects/Fly_Spray_System/pico-sdk/lib/tinyusb/src/class/cdc/cdc_device.c.obj
                0x100064e8                tud_cdc_n_connected
 .text.tud_cdc_n_available
                0x1000652c       0x18 CMakeFiles/lcd_display.dir/C_/Users/swppa/Projects/Fly_Spray_System/pico-sdk/lib/tinyusb/src/class/cdc/cdc_device.c.obj
                0x1000652c                tud_cdc_n_available
 .text.tud_cdc_n_read
                0x10006544       0x28 CMakeFiles/lcd_display.dir/C_/Users/swppa/Projects/Fly_Spray_System/pico-sdk/lib/tinyusb/src/class/cdc/cdc_device.c.obj
                0x10006544                tud_cdc_n_read
 .text.tud_cdc_n_write_flush
                0x1000656c       0xb8 CMakeFiles/lcd_display.dir/C_/Users/swppa/Projects/Fly_Spray_System/pico-sdk/lib/tinyusb/src/class/cdc/cdc_device.c.obj
                0x1000656c                tud_cdc_n_write_flush
 .text.tud_cdc_n_write
                0x10006624       0x38 CMakeFiles/lcd_display.dir/C_/Users/swppa/Projects/Fly_Spray_System/pico-sdk/lib/tinyusb/src/class/cdc/cdc_device.c.obj
                0x10006624                tud_cdc_n_write
 .text.tud_cdc_n_write_available
                0x1000665c       0x1c CMakeFiles/lcd_display.dir/C_/Users/swppa/Projects/Fly_Spray_System/pico-sdk/lib/tinyusb/src/class/cdc/cdc_device.c.obj
                0x1000665c                tud_cdc_n_write_available
 .text.cdcd_init
                0x10006678       0xbc CMakeFiles/lcd_display.dir/C_/Users/swppa/Projects/Fly_Spray_System/pico-sdk/lib/tinyusb/src/class/cdc/cdc_device.c.obj
                0x10006678                cdcd_init
 .text.cdcd_reset
                0x10006734       0x44 CMakeFiles/lcd_display.dir/C_/Users/swppa/Projects/Fly_Spray_System/pico-sdk/lib/tinyusb/src/class/cdc/cdc_device.c.obj
                0x10006734                cdcd_reset
 .text.cdcd_open
                0x10006778       0xcc CMakeFiles/lcd_display.dir/C_/Users/swppa/Projects/Fly_Spray_System/pico-sdk/lib/tinyusb/src/class/cdc/cdc_device.c.obj
                0x10006778                cdcd_open
 .text.cdcd_control_xfer_cb
                0x10006844      0x134 CMakeFiles/lcd_display.dir/C_/Users/swppa/Projects/Fly_Spray_System/pico-sdk/lib/tinyusb/src/class/cdc/cdc_device.c.obj
                0x10006844                cdcd_control_xfer_cb
 .text.cdcd_xfer_cb
                0x10006978      0x130 CMakeFiles/lcd_display.dir/C_/Users/swppa/Projects/Fly_Spray_System/pico-sdk/lib/tinyusb/src/class/cdc/cdc_device.c.obj
                0x10006978                cdcd_xfer_cb
 .text.tusb_init
                0x10006aa8        0xa CMakeFiles/lcd_display.dir/C_/Users/swppa/Projects/Fly_Spray_System/pico-sdk/lib/tinyusb/src/tusb.c.obj
                0x10006aa8                tusb_init
 .text.tusb_inited
                0x10006ab2        0xe CMakeFiles/lcd_display.dir/C_/Users/swppa/Projects/Fly_Spray_System/pico-sdk/lib/tinyusb/src/tusb.c.obj
                0x10006ab2                tusb_inited
 .text.tu_edpt_claim
                0x10006ac0       0x50 CMakeFiles/lcd_display.dir/C_/Users/swppa/Projects/Fly_Spray_System/pico-sdk/lib/tinyusb/src/tusb.c.obj
                0x10006ac0                tu_edpt_claim
 .text.tu_edpt_release
                0x10006b10       0x3c CMakeFiles/lcd_display.dir/C_/Users/swppa/Projects/Fly_Spray_System/pico-sdk/lib/tinyusb/src/tusb.c.obj
                0x10006b10                tu_edpt_release
 .text.tu_edpt_validate
                0x10006b4c       0x78 CMakeFiles/lcd_display.dir/C_/Users/swppa/Projects/Fly_Spray_System/pico-sdk/lib/tinyusb/src/tusb.c.obj
                0x10006b4c                tu_edpt_validate
 .text.tu_edpt_bind_driver
                0x10006bc4       0x26 CMakeFiles/lcd_display.dir/C_/Users/swppa/Projects/Fly_Spray_System/pico-sdk/lib/tinyusb/src/tusb.c.obj
                0x10006bc4                tu_edpt_bind_driver
 .text.advance_index
                0x10006bea       0x1a CMakeFiles/lcd_display.dir/C_/Users/swppa/Projects/Fly_Spray_System/pico-sdk/lib/tinyusb/src/common/tusb_fifo.c.obj
 .text._tu_fifo_peek
                0x10006c04       0x56 CMakeFiles/lcd_display.dir/C_/Users/swppa/Projects/Fly_Spray_System/pico-sdk/lib/tinyusb/src/common/tusb_fifo.c.obj
 .text._ff_pull_const_addr
                0x10006c5a       0x4c CMakeFiles/lcd_display.dir/C_/Users/swppa/Projects/Fly_Spray_System/pico-sdk/lib/tinyusb/src/common/tusb_fifo.c.obj
 .text._ff_pull_n
                0x10006ca6      0x110 CMakeFiles/lcd_display.dir/C_/Users/swppa/Projects/Fly_Spray_System/pico-sdk/lib/tinyusb/src/common/tusb_fifo.c.obj
 .text._tu_fifo_peek_n
                0x10006db6       0x6a CMakeFiles/lcd_display.dir/C_/Users/swppa/Projects/Fly_Spray_System/pico-sdk/lib/tinyusb/src/common/tusb_fifo.c.obj
 .text._tu_fifo_read_n
                0x10006e20       0x4e CMakeFiles/lcd_display.dir/C_/Users/swppa/Projects/Fly_Spray_System/pico-sdk/lib/tinyusb/src/common/tusb_fifo.c.obj
 .text._ff_push_const_addr
                0x10006e6e       0x40 CMakeFiles/lcd_display.dir/C_/Users/swppa/Projects/Fly_Spray_System/pico-sdk/lib/tinyusb/src/common/tusb_fifo.c.obj
 .text._ff_push_n
                0x10006eae      0x10c CMakeFiles/lcd_display.dir/C_/Users/swppa/Projects/Fly_Spray_System/pico-sdk/lib/tinyusb/src/common/tusb_fifo.c.obj
 .text._tu_fifo_write_n
                0x10006fba       0xf0 CMakeFiles/lcd_display.dir/C_/Users/swppa/Projects/Fly_Spray_System/pico-sdk/lib/tinyusb/src/common/tusb_fifo.c.obj
 .text.tu_fifo_config
                0x100070aa       0x7c CMakeFiles/lcd_display.dir/C_/Users/swppa/Projects/Fly_Spray_System/pico-sdk/lib/tinyusb/src/common/tusb_fifo.c.obj
                0x100070aa                tu_fifo_config
 .text.tu_fifo_count
                0x10007126       0x2a CMakeFiles/lcd_display.dir/C_/Users/swppa/Projects/Fly_Spray_System/pico-sdk/lib/tinyusb/src/common/tusb_fifo.c.obj
                0x10007126                tu_fifo_count
 .text.tu_fifo_empty
                0x10007150       0x10 CMakeFiles/lcd_display.dir/C_/Users/swppa/Projects/Fly_Spray_System/pico-sdk/lib/tinyusb/src/common/tusb_fifo.c.obj
                0x10007150                tu_fifo_empty
 .text.tu_fifo_full
                0x10007160       0x28 CMakeFiles/lcd_display.dir/C_/Users/swppa/Projects/Fly_Spray_System/pico-sdk/lib/tinyusb/src/common/tusb_fifo.c.obj
                0x10007160                tu_fifo_full
 .text.tu_fifo_remaining
                0x10007188       0x2c CMakeFiles/lcd_display.dir/C_/Users/swppa/Projects/Fly_Spray_System/pico-sdk/lib/tinyusb/src/common/tusb_fifo.c.obj
                0x10007188                tu_fifo_remaining
 .text.tu_fifo_read
                0x100071b4       0x42 CMakeFiles/lcd_display.dir/C_/Users/swppa/Projects/Fly_Spray_System/pico-sdk/lib/tinyusb/src/common/tusb_fifo.c.obj
                0x100071b4                tu_fifo_read
 .text.tu_fifo_read_n
                0x100071f6        0xa CMakeFiles/lcd_display.dir/C_/Users/swppa/Projects/Fly_Spray_System/pico-sdk/lib/tinyusb/src/common/tusb_fifo.c.obj
                0x100071f6                tu_fifo_read_n
 .text.tu_fifo_write
                0x10007200       0x64 CMakeFiles/lcd_display.dir/C_/Users/swppa/Projects/Fly_Spray_System/pico-sdk/lib/tinyusb/src/common/tusb_fifo.c.obj
                0x10007200                tu_fifo_write
 .text.tu_fifo_write_n
                0x10007264        0xa CMakeFiles/lcd_display.dir/C_/Users/swppa/Projects/Fly_Spray_System/pico-sdk/lib/tinyusb/src/common/tusb_fifo.c.obj
                0x10007264                tu_fifo_write_n
 .text.tu_fifo_clear
                0x1000726e       0x3e CMakeFiles/lcd_display.dir/C_/Users/swppa/Projects/Fly_Spray_System/pico-sdk/lib/tinyusb/src/common/tusb_fifo.c.obj
                0x1000726e                tu_fifo_clear
 .text.tu_fifo_set_overwritable
                0x100072ac       0x46 CMakeFiles/lcd_display.dir/C_/Users/swppa/Projects/Fly_Spray_System/pico-sdk/lib/tinyusb/src/common/tusb_fifo.c.obj
                0x100072ac                tu_fifo_set_overwritable
 .text.i2c_write_blocking_internal
                0x100072f2      0x140 CMakeFiles/lcd_display.dir/C_/Users/swppa/Projects/Fly_Spray_System/pico-sdk/src/rp2_common/hardware_i2c/i2c.c.obj
 *fill*         0x10007432        0x2 
 .text.i2c_set_baudrate
                0x10007434       0xf0 CMakeFiles/lcd_display.dir/C_/Users/swppa/Projects/Fly_Spray_System/pico-sdk/src/rp2_common/hardware_i2c/i2c.c.obj
                0x10007434                i2c_set_baudrate
 .text.i2c_init
                0x10007524       0x58 CMakeFiles/lcd_display.dir/C_/Users/swppa/Projects/Fly_Spray_System/pico-sdk/src/rp2_common/hardware_i2c/i2c.c.obj
                0x10007524                i2c_init
 .text.i2c_write_blocking
                0x1000757c       0x18 CMakeFiles/lcd_display.dir/C_/Users/swppa/Projects/Fly_Spray_System/pico-sdk/src/rp2_common/hardware_i2c/i2c.c.obj
                0x1000757c                i2c_write_blocking
 .text.adc_init
                0x10007594       0x34 CMakeFiles/lcd_display.dir/C_/Users/swppa/Projects/Fly_Spray_System/pico-sdk/src/rp2_common/hardware_adc/adc.c.obj
                0x10007594                adc_init
 .text.core1_trampoline
                0x100075c8        0x2 CMakeFiles/lcd_display.dir/C_/Users/swppa/Projects/Fly_Spray_System/pico-sdk/src/rp2_common/pico_multicore/multicore.c.obj
 .text.core1_wrapper
                0x100075ca        0xc CMakeFiles/lcd_display.dir/C_/Users/swppa/Projects/Fly_Spray_System/pico-sdk/src/rp2_common/pico_multicore/multicore.c.obj
                0x100075ca                core1_wrapper
 .text.multicore_fifo_push_blocking
                0x100075d6       0x14 CMakeFiles/lcd_display.dir/C_/Users/swppa/Projects/Fly_Spray_System/pico-sdk/src/rp2_common/pico_multicore/multicore.c.obj
                0x100075d6                multicore_fifo_push_blocking
 .text.multicore_fifo_pop_blocking
                0x100075ea       0x16 CMakeFiles/lcd_display.dir/C_/Users/swppa/Projects/Fly_Spray_System/pico-sdk/src/rp2_common/pico_multicore/multicore.c.obj
                0x100075ea                multicore_fifo_pop_blocking
 .text.multicore_launch_core1_raw
                0x10007600       0x6e CMakeFiles/lcd_display.dir/C_/Users/swppa/Projects/Fly_Spray_System/pico-sdk/src/rp2_common/pico_multicore/multicore.c.obj
                0x10007600                multicore_launch_core1_raw
 *fill*         0x1000766e        0x2 
 .text.multicore_launch_core1_with_stack
                0x10007670       0x50 CMakeFiles/lcd_display.dir/C_/Users/swppa/Projects/Fly_Spray_System/pico-sdk/src/rp2_common/pico_multicore/multicore.c.obj
                0x10007670                multicore_launch_core1_with_stack
 .text.multicore_launch_core1
                0x100076c0       0x24 CMakeFiles/lcd_display.dir/C_/Users/swppa/Projects/Fly_Spray_System/pico-sdk/src/rp2_common/pico_multicore/multicore.c.obj
                0x100076c0                multicore_launch_core1
 .text.strlen   0x100076e4       0x5c c:/progra~2/gnuarm~1/102021~1.10/bin/../lib/gcc/arm-none-eabi/10.3.1/../../../../arm-none-eabi/lib/thumb/v6-m/nofp\libg.a(lib_a-strlen-stub.o)
                0x100076e4                strlen
 *(.fini)
 .fini          0x10007740        0x4 c:/progra~2/gnuarm~1/102021~1.10/bin/../lib/gcc/arm-none-eabi/10.3.1/thumb/v6-m/nofp/crti.o
                0x10007740                _fini
 *fill*         0x10007744        0x4 
 .fini.__stub   0x10007748       0xe0 linker stubs
 *crtbegin.o(.ctors)
 *crtbegin?.o(.ctors)
 *(EXCLUDE_FILE(*crtend.o *crtend?.o) .ctors)
 *(SORT_BY_NAME(.ctors.*))
 *(.ctors)
 *crtbegin.o(.dtors)
 *crtbegin?.o(.dtors)
 *(EXCLUDE_FILE(*crtend.o *crtend?.o) .dtors)
 *(SORT_BY_NAME(.dtors.*))
 *(.dtors)
 *(.eh_frame*)
 .eh_frame      0x10007828        0x0 c:/progra~2/gnuarm~1/102021~1.10/bin/../lib/gcc/arm-none-eabi/10.3.1/thumb/v6-m/nofp/crtbegin.o
                0x10007828                . = ALIGN (0x4)

.glue_7         0x10007828        0x0
 .glue_7        0x10007828        0x0 linker stubs

.glue_7t        0x10007828        0x0
 .glue_7t       0x10007828        0x0 linker stubs

.vfp11_veneer   0x10007828        0x0
 .vfp11_veneer  0x10007828        0x0 linker stubs

.v4_bx          0x10007828        0x0
 .v4_bx         0x10007828        0x0 linker stubs

.iplt           0x10007828        0x0
 .iplt          0x10007828        0x0 c:/progra~2/gnuarm~1/102021~1.10/bin/../lib/gcc/arm-none-eabi/10.3.1/thumb/v6-m/nofp/crtbegin.o

.rodata         0x10007828     0x18ac
 *(EXCLUDE_FILE(*libm.a: *libc.a:*lib_a-mem*.o *libgcc.a:) .rodata*)
 .rodata.update_running_count.str1.4
                0x10007828        0x4 CMakeFiles/lcd_display.dir/lcd_display.c.obj
 .rodata.set_initial_countdown.str1.4
                0x1000782c       0x17 CMakeFiles/lcd_display.dir/lcd_display.c.obj
 *fill*         0x10007843        0x1 
 .rodata.check_for_changed_interval.str1.4
                0x10007844       0x11 CMakeFiles/lcd_display.dir/lcd_display.c.obj
 *fill*         0x10007855        0x3 
 .rodata.set_voltage_value.str1.4
                0x10007858        0x3 CMakeFiles/lcd_display.dir/lcd_display.c.obj
 *fill*         0x1000785b        0x1 
 .rodata.get_lcd_message.str1.4
                0x1000785c       0x2f CMakeFiles/lcd_display.dir/lcd_display.c.obj
 *fill*         0x1000788b        0x1 
 .rodata.spray.str1.4
                0x1000788c        0x9 CMakeFiles/lcd_display.dir/lcd_display.c.obj
 *fill*         0x10007895        0x3 
 .rodata.display_voltage.str1.4
                0x10007898       0x29 CMakeFiles/lcd_display.dir/lcd_display.c.obj
 *fill*         0x100078c1        0x3 
 .rodata.__bi_236.0
                0x100078c4        0x8 CMakeFiles/lcd_display.dir/lcd_display.c.obj
 .rodata.spin_lock_claim_unused.str1.4
                0x100078cc       0x1b CMakeFiles/lcd_display.dir/C_/Users/swppa/Projects/Fly_Spray_System/pico-sdk/src/rp2_common/hardware_sync/sync.c.obj
 *fill*         0x100078e7        0x1 
 .rodata.make_branch.str1.4
                0x100078e8       0x84 CMakeFiles/lcd_display.dir/C_/Users/swppa/Projects/Fly_Spray_System/pico-sdk/src/rp2_common/hardware_irq/irq.c.obj
 .rodata.insert_branch_and_link.str1.4
                0x1000796c       0x10 CMakeFiles/lcd_display.dir/C_/Users/swppa/Projects/Fly_Spray_System/pico-sdk/src/rp2_common/hardware_irq/irq.c.obj
 .rodata.irq_set_exclusive_handler.str1.4
                0x1000797c       0x36 CMakeFiles/lcd_display.dir/C_/Users/swppa/Projects/Fly_Spray_System/pico-sdk/src/rp2_common/hardware_irq/irq.c.obj
 *fill*         0x100079b2        0x2 
 .rodata.irq_add_shared_handler.str1.4
                0x100079b4       0xd9 CMakeFiles/lcd_display.dir/C_/Users/swppa/Projects/Fly_Spray_System/pico-sdk/src/rp2_common/hardware_irq/irq.c.obj
 *fill*         0x10007a8d        0x3 
 .rodata.irq_remove_handler.str1.4
                0x10007a90       0x3a CMakeFiles/lcd_display.dir/C_/Users/swppa/Projects/Fly_Spray_System/pico-sdk/src/rp2_common/hardware_irq/irq.c.obj
 *fill*         0x10007aca        0x2 
 .rodata.irq_add_tail_to_free_list.str1.4
                0x10007acc       0x3a CMakeFiles/lcd_display.dir/C_/Users/swppa/Projects/Fly_Spray_System/pico-sdk/src/rp2_common/hardware_irq/irq.c.obj
 *fill*         0x10007b06        0x2 
 .rodata.user_irq_claim_unused.str1.4
                0x10007b08       0x1b CMakeFiles/lcd_display.dir/C_/Users/swppa/Projects/Fly_Spray_System/pico-sdk/src/rp2_common/hardware_irq/irq.c.obj
 *fill*         0x10007b23        0x1 
 .rodata.__func__.0
                0x10007b24       0x1a CMakeFiles/lcd_display.dir/C_/Users/swppa/Projects/Fly_Spray_System/pico-sdk/src/rp2_common/hardware_irq/irq.c.obj
 *fill*         0x10007b3e        0x2 
 .rodata.__func__.1
                0x10007b40       0x17 CMakeFiles/lcd_display.dir/C_/Users/swppa/Projects/Fly_Spray_System/pico-sdk/src/rp2_common/hardware_irq/irq.c.obj
 *fill*         0x10007b57        0x1 
 .rodata.__func__.2
                0x10007b58       0x13 CMakeFiles/lcd_display.dir/C_/Users/swppa/Projects/Fly_Spray_System/pico-sdk/src/rp2_common/hardware_irq/irq.c.obj
 *fill*         0x10007b6b        0x1 
 .rodata.__func__.3
                0x10007b6c        0xc CMakeFiles/lcd_display.dir/C_/Users/swppa/Projects/Fly_Spray_System/pico-sdk/src/rp2_common/hardware_irq/irq.c.obj
 .rodata.__func__.4
                0x10007b78        0xf CMakeFiles/lcd_display.dir/C_/Users/swppa/Projects/Fly_Spray_System/pico-sdk/src/rp2_common/hardware_irq/irq.c.obj
 *fill*         0x10007b87        0x1 
 .rodata.__func__.5
                0x10007b88       0x17 CMakeFiles/lcd_display.dir/C_/Users/swppa/Projects/Fly_Spray_System/pico-sdk/src/rp2_common/hardware_irq/irq.c.obj
 *fill*         0x10007b9f        0x1 
 .rodata.__func__.6
                0x10007ba0       0x1a CMakeFiles/lcd_display.dir/C_/Users/swppa/Projects/Fly_Spray_System/pico-sdk/src/rp2_common/hardware_irq/irq.c.obj
 *fill*         0x10007bba        0x2 
 .rodata.str1.4
                0x10007bbc      0x119 CMakeFiles/lcd_display.dir/C_/Users/swppa/Projects/Fly_Spray_System/pico-sdk/src/common/pico_sync/mutex.c.obj
 *fill*         0x10007cd5        0x3 
 .rodata.__func__.1
                0x10007cd8        0xb CMakeFiles/lcd_display.dir/C_/Users/swppa/Projects/Fly_Spray_System/pico-sdk/src/common/pico_sync/mutex.c.obj
 *fill*         0x10007ce3        0x1 
 .rodata.__func__.3
                0x10007ce4       0x18 CMakeFiles/lcd_display.dir/C_/Users/swppa/Projects/Fly_Spray_System/pico-sdk/src/common/pico_sync/mutex.c.obj
 .rodata.__func__.4
                0x10007cfc       0x15 CMakeFiles/lcd_display.dir/C_/Users/swppa/Projects/Fly_Spray_System/pico-sdk/src/common/pico_sync/mutex.c.obj
 *fill*         0x10007d11        0x3 
 .rodata.repeating_timer_callback.str1.4
                0x10007d14       0x62 CMakeFiles/lcd_display.dir/C_/Users/swppa/Projects/Fly_Spray_System/pico-sdk/src/common/pico_time/time.c.obj
 *fill*         0x10007d76        0x2 
 .rodata.timer_pool_entry_comparator.str1.4
                0x10007d78       0x22 CMakeFiles/lcd_display.dir/C_/Users/swppa/Projects/Fly_Spray_System/pico-sdk/src/common/pico_time/time.c.obj
 *fill*         0x10007d9a        0x2 
 .rodata.ph_add_child_node.str1.4
                0x10007d9c       0xae CMakeFiles/lcd_display.dir/C_/Users/swppa/Projects/Fly_Spray_System/pico-sdk/src/common/pico_time/time.c.obj
 *fill*         0x10007e4a        0x2 
 .rodata.add_alarm_under_lock.str1.4
                0x10007e4c       0x28 CMakeFiles/lcd_display.dir/C_/Users/swppa/Projects/Fly_Spray_System/pico-sdk/src/common/pico_time/time.c.obj
                                 0x2b (size before relaxing)
 .rodata.alarm_pool_alarm_callback.str1.4
                0x10007e74       0x98 CMakeFiles/lcd_display.dir/C_/Users/swppa/Projects/Fly_Spray_System/pico-sdk/src/common/pico_time/time.c.obj
                                0x110 (size before relaxing)
 .rodata.alarm_pool_get_default.str1.4
                0x10007f0c       0x21 CMakeFiles/lcd_display.dir/C_/Users/swppa/Projects/Fly_Spray_System/pico-sdk/src/common/pico_time/time.c.obj
 *fill*         0x10007f2d        0x3 
 .rodata.alarm_pool_cancel_alarm.str1.4
                0x10007f30       0x27 CMakeFiles/lcd_display.dir/C_/Users/swppa/Projects/Fly_Spray_System/pico-sdk/src/common/pico_time/time.c.obj
 *fill*         0x10007f57        0x1 
 .rodata.sleep_until.str1.4
                0x10007f58       0x4d CMakeFiles/lcd_display.dir/C_/Users/swppa/Projects/Fly_Spray_System/pico-sdk/src/common/pico_time/time.c.obj
 *fill*         0x10007fa5        0x3 
 .rodata.__func__.1
                0x10007fa8       0x18 CMakeFiles/lcd_display.dir/C_/Users/swppa/Projects/Fly_Spray_System/pico-sdk/src/common/pico_time/time.c.obj
 .rodata.__func__.10
                0x10007fc0       0x15 CMakeFiles/lcd_display.dir/C_/Users/swppa/Projects/Fly_Spray_System/pico-sdk/src/common/pico_time/time.c.obj
 *fill*         0x10007fd5        0x3 
 .rodata.__func__.11
                0x10007fd8       0x1a CMakeFiles/lcd_display.dir/C_/Users/swppa/Projects/Fly_Spray_System/pico-sdk/src/common/pico_time/time.c.obj
 *fill*         0x10007ff2        0x2 
 .rodata.__func__.12
                0x10007ff4        0xa CMakeFiles/lcd_display.dir/C_/Users/swppa/Projects/Fly_Spray_System/pico-sdk/src/common/pico_time/time.c.obj
 *fill*         0x10007ffe        0x2 
 .rodata.__func__.3
                0x10008000       0x17 CMakeFiles/lcd_display.dir/C_/Users/swppa/Projects/Fly_Spray_System/pico-sdk/src/common/pico_time/time.c.obj
 *fill*         0x10008017        0x1 
 .rodata.__func__.4
                0x10008018       0x12 CMakeFiles/lcd_display.dir/C_/Users/swppa/Projects/Fly_Spray_System/pico-sdk/src/common/pico_time/time.c.obj
 *fill*         0x1000802a        0x2 
 .rodata.__func__.5
                0x1000802c        0xd CMakeFiles/lcd_display.dir/C_/Users/swppa/Projects/Fly_Spray_System/pico-sdk/src/common/pico_time/time.c.obj
 *fill*         0x10008039        0x3 
 .rodata.__func__.6
                0x1000803c       0x12 CMakeFiles/lcd_display.dir/C_/Users/swppa/Projects/Fly_Spray_System/pico-sdk/src/common/pico_time/time.c.obj
 *fill*         0x1000804e        0x2 
 .rodata.__func__.7
                0x10008050        0xf CMakeFiles/lcd_display.dir/C_/Users/swppa/Projects/Fly_Spray_System/pico-sdk/src/common/pico_time/time.c.obj
 *fill*         0x1000805f        0x1 
 .rodata.__func__.8
                0x10008060        0xc CMakeFiles/lcd_display.dir/C_/Users/swppa/Projects/Fly_Spray_System/pico-sdk/src/common/pico_time/time.c.obj
 .rodata.__func__.9
                0x1000806c       0x15 CMakeFiles/lcd_display.dir/C_/Users/swppa/Projects/Fly_Spray_System/pico-sdk/src/common/pico_time/time.c.obj
 *fill*         0x10008081        0x3 
 .rodata.hardware_alarm_claim.str1.4
                0x10008084       0x22 CMakeFiles/lcd_display.dir/C_/Users/swppa/Projects/Fly_Spray_System/pico-sdk/src/rp2_common/hardware_timer/timer.c.obj
 *fill*         0x100080a6        0x2 
 .rodata.hardware_alarm_set_target.str1.4
                0x100080a8       0x7c CMakeFiles/lcd_display.dir/C_/Users/swppa/Projects/Fly_Spray_System/pico-sdk/src/rp2_common/hardware_timer/timer.c.obj
 .rodata.__func__.0
                0x10008124       0x1a CMakeFiles/lcd_display.dir/C_/Users/swppa/Projects/Fly_Spray_System/pico-sdk/src/rp2_common/hardware_timer/timer.c.obj
 .rodata.ph_add_child_node.str1.4
                0x1000813e       0xae CMakeFiles/lcd_display.dir/C_/Users/swppa/Projects/Fly_Spray_System/pico-sdk/src/common/pico_util/pheap.c.obj
 *fill*         0x1000813e        0x2 
 .rodata.ph_remove_any_head.str1.4
                0x10008140       0xa4 CMakeFiles/lcd_display.dir/C_/Users/swppa/Projects/Fly_Spray_System/pico-sdk/src/common/pico_util/pheap.c.obj
                                 0xb8 (size before relaxing)
 .rodata.ph_remove_and_free_node.str1.4
                0x100081e4       0x1e CMakeFiles/lcd_display.dir/C_/Users/swppa/Projects/Fly_Spray_System/pico-sdk/src/common/pico_util/pheap.c.obj
                                 0x26 (size before relaxing)
 *fill*         0x10008202        0x2 
 .rodata.__func__.0
                0x10008204       0x18 CMakeFiles/lcd_display.dir/C_/Users/swppa/Projects/Fly_Spray_System/pico-sdk/src/common/pico_util/pheap.c.obj
 .rodata.__func__.1
                0x1000821c       0x13 CMakeFiles/lcd_display.dir/C_/Users/swppa/Projects/Fly_Spray_System/pico-sdk/src/common/pico_util/pheap.c.obj
 *fill*         0x1000822f        0x1 
 .rodata.__func__.2
                0x10008230       0x12 CMakeFiles/lcd_display.dir/C_/Users/swppa/Projects/Fly_Spray_System/pico-sdk/src/common/pico_util/pheap.c.obj
 *fill*         0x10008242        0x2 
 .rodata.__func__.3
                0x10008244        0xc CMakeFiles/lcd_display.dir/C_/Users/swppa/Projects/Fly_Spray_System/pico-sdk/src/common/pico_util/pheap.c.obj
 .rodata.clock_configure.str1.4
                0x10008250       0x6e CMakeFiles/lcd_display.dir/C_/Users/swppa/Projects/Fly_Spray_System/pico-sdk/src/rp2_common/hardware_clocks/clocks.c.obj
 *fill*         0x100082be        0x2 
 .rodata.__func__.1
                0x100082c0       0x10 CMakeFiles/lcd_display.dir/C_/Users/swppa/Projects/Fly_Spray_System/pico-sdk/src/rp2_common/hardware_clocks/clocks.c.obj
 .rodata.pll_init.str1.4
                0x100082d0      0x138 CMakeFiles/lcd_display.dir/C_/Users/swppa/Projects/Fly_Spray_System/pico-sdk/src/rp2_common/hardware_pll/pll.c.obj
 .rodata.__func__.0
                0x10008408        0x9 CMakeFiles/lcd_display.dir/C_/Users/swppa/Projects/Fly_Spray_System/pico-sdk/src/rp2_common/hardware_pll/pll.c.obj
 *fill*         0x10008411        0x3 
 .rodata.__assert_func.str1.4
                0x10008414       0x3f CMakeFiles/lcd_display.dir/C_/Users/swppa/Projects/Fly_Spray_System/pico-sdk/src/rp2_common/pico_runtime/runtime.c.obj
                                 0x43 (size before relaxing)
 *fill*         0x10008453        0x1 
 .rodata.runtime_init.str1.4
                0x10008454       0x78 CMakeFiles/lcd_display.dir/C_/Users/swppa/Projects/Fly_Spray_System/pico-sdk/src/rp2_common/pico_runtime/runtime.c.obj
 .rodata.panic.str1.4
                0x100084cc       0x12 CMakeFiles/lcd_display.dir/C_/Users/swppa/Projects/Fly_Spray_System/pico-sdk/src/rp2_common/pico_runtime/runtime.c.obj
 *fill*         0x100084de        0x2 
 .rodata.__func__.2
                0x100084e0        0xd CMakeFiles/lcd_display.dir/C_/Users/swppa/Projects/Fly_Spray_System/pico-sdk/src/rp2_common/pico_runtime/runtime.c.obj
 *fill*         0x100084ed        0x3 
 .rodata._ftoa.str1.4
                0x100084f0       0x15 CMakeFiles/lcd_display.dir/C_/Users/swppa/Projects/Fly_Spray_System/pico-sdk/src/rp2_common/pico_printf/printf.c.obj
 *fill*         0x10008505        0x3 
 .rodata._vsnprintf
                0x10008508      0x1e0 CMakeFiles/lcd_display.dir/C_/Users/swppa/Projects/Fly_Spray_System/pico-sdk/src/rp2_common/pico_printf/printf.c.obj
 .rodata.pow10.0
                0x100086e8       0x50 CMakeFiles/lcd_display.dir/C_/Users/swppa/Projects/Fly_Spray_System/pico-sdk/src/rp2_common/pico_printf/printf.c.obj
 .rodata.__aeabi_double_init.str1.4
                0x10008738       0xb3 CMakeFiles/lcd_display.dir/C_/Users/swppa/Projects/Fly_Spray_System/pico-sdk/src/rp2_common/pico_double/double_init_rom.c.obj
 *fill*         0x100087eb        0x1 
 .rodata.__func__.0
                0x100087ec       0x14 CMakeFiles/lcd_display.dir/C_/Users/swppa/Projects/Fly_Spray_System/pico-sdk/src/rp2_common/pico_double/double_init_rom.c.obj
 .rodata.__aeabi_float_init.str1.4
                0x10008800       0x91 CMakeFiles/lcd_display.dir/C_/Users/swppa/Projects/Fly_Spray_System/pico-sdk/src/rp2_common/pico_float/float_init_rom.c.obj
                                 0x95 (size before relaxing)
 *fill*         0x10008891        0x3 
 .rodata.__func__.0
                0x10008894       0x13 CMakeFiles/lcd_display.dir/C_/Users/swppa/Projects/Fly_Spray_System/pico-sdk/src/rp2_common/pico_float/float_init_rom.c.obj
 *fill*         0x100088a7        0x1 
 .rodata.str1.4
                0x100088a8       0x40 CMakeFiles/lcd_display.dir/C_/Users/swppa/Projects/Fly_Spray_System/pico-sdk/src/rp2_common/pico_standard_link/binary_info.c.obj
 .rodata.__bi_44
                0x100088e8        0xc CMakeFiles/lcd_display.dir/C_/Users/swppa/Projects/Fly_Spray_System/pico-sdk/src/rp2_common/pico_standard_link/binary_info.c.obj
 .rodata.__bi_75
                0x100088f4        0xc CMakeFiles/lcd_display.dir/C_/Users/swppa/Projects/Fly_Spray_System/pico-sdk/src/rp2_common/pico_standard_link/binary_info.c.obj
 .rodata.__bi_81
                0x10008900        0xc CMakeFiles/lcd_display.dir/C_/Users/swppa/Projects/Fly_Spray_System/pico-sdk/src/rp2_common/pico_standard_link/binary_info.c.obj
 .rodata.stdout_serialize_begin.str1.4
                0x1000890c       0x78 CMakeFiles/lcd_display.dir/C_/Users/swppa/Projects/Fly_Spray_System/pico-sdk/src/rp2_common/pico_stdio/stdio.c.obj
 .rodata.__func__.3
                0x1000890c       0x15 CMakeFiles/lcd_display.dir/C_/Users/swppa/Projects/Fly_Spray_System/pico-sdk/src/rp2_common/pico_stdio/stdio.c.obj
 *fill*         0x10008921        0x3 
 .rodata.crlf_str.2
                0x10008924        0x2 CMakeFiles/lcd_display.dir/C_/Users/swppa/Projects/Fly_Spray_System/pico-sdk/src/rp2_common/pico_stdio/stdio.c.obj
 *fill*         0x10008926        0x2 
 .rodata._resetd_driver
                0x10008928       0x18 CMakeFiles/lcd_display.dir/C_/Users/swppa/Projects/Fly_Spray_System/pico-sdk/src/rp2_common/pico_stdio_usb/reset_interface.c.obj
 .rodata.low_priority_worker_irq.str1.4
                0x10008940       0x78 CMakeFiles/lcd_display.dir/C_/Users/swppa/Projects/Fly_Spray_System/pico-sdk/src/rp2_common/pico_stdio_usb/stdio_usb.c.obj
 .rodata.stdio_usb_init.str1.4
                0x10008940       0x5c CMakeFiles/lcd_display.dir/C_/Users/swppa/Projects/Fly_Spray_System/pico-sdk/src/rp2_common/pico_stdio_usb/stdio_usb.c.obj
                                 0x64 (size before relaxing)
 .rodata.str1.4
                0x1000899c       0x13 CMakeFiles/lcd_display.dir/C_/Users/swppa/Projects/Fly_Spray_System/pico-sdk/src/rp2_common/pico_stdio_usb/stdio_usb.c.obj
 *fill*         0x100089af        0x1 
 .rodata.__bi_182.0
                0x100089b0        0xc CMakeFiles/lcd_display.dir/C_/Users/swppa/Projects/Fly_Spray_System/pico-sdk/src/rp2_common/pico_stdio_usb/stdio_usb.c.obj
 .rodata.__func__.1
                0x100089bc        0xf CMakeFiles/lcd_display.dir/C_/Users/swppa/Projects/Fly_Spray_System/pico-sdk/src/rp2_common/pico_stdio_usb/stdio_usb.c.obj
 *fill*         0x100089cb        0x1 
 .rodata.__func__.3
                0x100089cc       0x15 CMakeFiles/lcd_display.dir/C_/Users/swppa/Projects/Fly_Spray_System/pico-sdk/src/rp2_common/pico_stdio_usb/stdio_usb.c.obj
 *fill*         0x100089e1        0x3 
 .rodata.str1.4
                0x100089e4       0x2a CMakeFiles/lcd_display.dir/C_/Users/swppa/Projects/Fly_Spray_System/pico-sdk/src/rp2_common/pico_stdio_usb/stdio_usb_descriptors.c.obj
 *fill*         0x10008a0e        0x2 
 .rodata.usbd_desc_cfg
                0x10008a10       0x54 CMakeFiles/lcd_display.dir/C_/Users/swppa/Projects/Fly_Spray_System/pico-sdk/src/rp2_common/pico_stdio_usb/stdio_usb_descriptors.c.obj
 .rodata.usbd_desc_device
                0x10008a64       0x12 CMakeFiles/lcd_display.dir/C_/Users/swppa/Projects/Fly_Spray_System/pico-sdk/src/rp2_common/pico_stdio_usb/stdio_usb_descriptors.c.obj
 *fill*         0x10008a76        0x2 
 .rodata.usbd_desc_str
                0x10008a78       0x18 CMakeFiles/lcd_display.dir/C_/Users/swppa/Projects/Fly_Spray_System/pico-sdk/src/rp2_common/pico_stdio_usb/stdio_usb_descriptors.c.obj
 .rodata.pico_get_unique_board_id_string.str1.4
                0x10008a90       0x64 CMakeFiles/lcd_display.dir/C_/Users/swppa/Projects/Fly_Spray_System/pico-sdk/src/rp2_common/pico_unique_id/unique_id.c.obj
 .rodata.__func__.0
                0x10008af4       0x20 CMakeFiles/lcd_display.dir/C_/Users/swppa/Projects/Fly_Spray_System/pico-sdk/src/rp2_common/pico_unique_id/unique_id.c.obj
 .rodata.str1.4
                0x10008b14      0x16e CMakeFiles/lcd_display.dir/C_/Users/swppa/Projects/Fly_Spray_System/pico-sdk/src/rp2_common/hardware_flash/flash.c.obj
 *fill*         0x10008c82        0x2 
 .rodata.__func__.0
                0x10008c84        0xd CMakeFiles/lcd_display.dir/C_/Users/swppa/Projects/Fly_Spray_System/pico-sdk/src/rp2_common/hardware_flash/flash.c.obj
 *fill*         0x10008c91        0x3 
 .rodata._hw_endpoint_alloc.str1.4
                0x10008c94       0xcd CMakeFiles/lcd_display.dir/C_/Users/swppa/Projects/Fly_Spray_System/pico-sdk/lib/tinyusb/src/portable/raspberrypi/rp2040/dcd_rp2040.c.obj
 *fill*         0x10008d61        0x3 
 .rodata.str1.4
                0x10008d64       0x14 CMakeFiles/lcd_display.dir/C_/Users/swppa/Projects/Fly_Spray_System/pico-sdk/lib/tinyusb/src/portable/raspberrypi/rp2040/dcd_rp2040.c.obj
 .rodata.dcd_int_enable.str1.4
                0x10008d78        0xc CMakeFiles/lcd_display.dir/C_/Users/swppa/Projects/Fly_Spray_System/pico-sdk/lib/tinyusb/src/portable/raspberrypi/rp2040/dcd_rp2040.c.obj
 .rodata.__func__.0
                0x10008d84        0xe CMakeFiles/lcd_display.dir/C_/Users/swppa/Projects/Fly_Spray_System/pico-sdk/lib/tinyusb/src/portable/raspberrypi/rp2040/dcd_rp2040.c.obj
 *fill*         0x10008d92        0x2 
 .rodata.__func__.1
                0x10008d94        0xe CMakeFiles/lcd_display.dir/C_/Users/swppa/Projects/Fly_Spray_System/pico-sdk/lib/tinyusb/src/portable/raspberrypi/rp2040/dcd_rp2040.c.obj
 *fill*         0x10008da2        0x2 
 .rodata.__func__.3
                0x10008da4       0x10 CMakeFiles/lcd_display.dir/C_/Users/swppa/Projects/Fly_Spray_System/pico-sdk/lib/tinyusb/src/portable/raspberrypi/rp2040/dcd_rp2040.c.obj
 .rodata.__func__.5
                0x10008db4        0xf CMakeFiles/lcd_display.dir/C_/Users/swppa/Projects/Fly_Spray_System/pico-sdk/lib/tinyusb/src/portable/raspberrypi/rp2040/dcd_rp2040.c.obj
 *fill*         0x10008dc3        0x1 
 .rodata.__func__.6
                0x10008dc4       0x13 CMakeFiles/lcd_display.dir/C_/Users/swppa/Projects/Fly_Spray_System/pico-sdk/lib/tinyusb/src/portable/raspberrypi/rp2040/dcd_rp2040.c.obj
 *fill*         0x10008dd7        0x1 
 .rodata.__func__.7
                0x10008dd8        0x9 CMakeFiles/lcd_display.dir/C_/Users/swppa/Projects/Fly_Spray_System/pico-sdk/lib/tinyusb/src/portable/raspberrypi/rp2040/dcd_rp2040.c.obj